MPLINK 4.43, Linker
Linker Map File - Created Sat Aug 04 21:05:46 2012

                                 Section Info
                  Section       Type    Address   Location Size(Bytes)
                ---------  ---------  ---------  ---------  ---------
               _entry_scn       code   0x000000    program   0x000006
       .code__user_putc.o       code   0x000006    program   0x000002
      InterruptVectorHigh       code   0x000008    program   0x000006
          .code_adcbusy.o       code   0x00000e    program   0x00000a
       InterruptVectorLow       code   0x000018    program   0x000006
                   .cinit    romdata   0x00001e    program   0x000032
         .code_vfprintf.o       code   0x000050    program   0x000c1a
           .code_my_i2c.o       code   0x000c6a    program   0x0006ca
             .code_main.o       code   0x001334    program   0x0005e6
         .code_messages.o       code   0x00191a    program   0x0004f6
       .code_interrupts.o       code   0x001e10    program   0x00020a
                     PROG       code   0x00201a    program   0x0001be
             .stringtable    romdata   0x0021d8    program   0x00017e
  .code_user_interrupts.o       code   0x002356    program   0x000160
          .code_my_uart.o       code   0x0024b6    program   0x00014c
                   STRING       code   0x002602    program   0x0000bc
               _cinit_scn       code   0x0026be    program   0x00009e
    .code_timer1_thread.o       code   0x00275c    program   0x00009a
            .code_uopen.o       code   0x0027f6    program   0x000082
             .code_putc.o       code   0x002878    program   0x000066
           .code_printf.o       code   0x0028de    program   0x000064
          .code_adcopen.o       code   0x002942    program   0x000064
    .code_timer0_thread.o       code   0x0029a6    program   0x00004c
           .code_t1open.o       code   0x0029f2    program   0x000040
            .code_uread.o       code   0x002a32    program   0x00003e
             D10KTCYXCODE       code   0x002a70    program   0x000036
           .code_t0open.o       code   0x002aa6    program   0x000036
      .code_uart_thread.o       code   0x002adc    program   0x000034
          .code_t1write.o       code   0x002b10    program   0x000030
           .code_t1read.o       code   0x002b40    program   0x000030
          .code_t0write.o       code   0x002b70    program   0x000030
         .code_adcsetch.o       code   0x002ba0    program   0x000030
           .code_uwrite.o       code   0x002bd0    program   0x00002e
                    CTYPE       code   0x002bfe    program   0x000024
              D1KTCYXCODE       code   0x002c22    program   0x000020
             D100TCYXCODE       code   0x002c42    program   0x000020
                    .code       code   0x002c62    program   0x000020
                    STDIO       code   0x002c82    program   0x00001c
             _startup_scn       code   0x002c9e    program   0x00001a
          .code_adcread.o       code   0x002cb8    program   0x000018
              D10TCYXCODE       code   0x002cd0    program   0x000016
      .romdata_vfprintf.o    romdata   0x002ce6    program   0x000011
       .idata_t1write.o_i    romdata   0x002cf7    program   0x000000
    .romdata__user_putc.o    romdata   0x002cf7    program   0x000000
       .romdata_t0write.o    romdata   0x002cf7    program   0x000000
       .idata_t0write.o_i    romdata   0x002cf7    program   0x000000
         .romdata_udefs.o    romdata   0x002cf7    program   0x000000
         .idata_udefs.o_i    romdata   0x002cf7    program   0x000000
       .romdata_c018i_e.o    romdata   0x002cf7    program   0x000000
      .romdata_adcsetch.o    romdata   0x002cf7    program   0x000000
      .idata_adcsetch.o_i    romdata   0x002cf7    program   0x000000
      .idata_messages.o_i    romdata   0x002cf7    program   0x000000
       .idata_c018i_e.o_i    romdata   0x002cf7    program   0x000000
         .romdata_uread.o    romdata   0x002cf7    program   0x000000
       .romdata_t1write.o    romdata   0x002cf7    program   0x000000
    .idata__user_putc.o_i    romdata   0x002cf7    program   0x000000
        .idata_uwrite.o_i    romdata   0x002cf7    program   0x000000
        .romdata_uwrite.o    romdata   0x002cf7    program   0x000000
        .idata___init.o_i    romdata   0x002cf7    program   0x000000
          .romdata_putc.o    romdata   0x002cf7    program   0x000000
        .romdata___init.o    romdata   0x002cf7    program   0x000000
          .romdata_main.o    romdata   0x002cf7    program   0x000000
        .idata_printf.o_i    romdata   0x002cf7    program   0x000000
        .romdata_printf.o    romdata   0x002cf7    program   0x000000
        .romdata_stdout.o    romdata   0x002cf7    program   0x000000
      .idata_vfprintf.o_i    romdata   0x002cf7    program   0x000000
          .idata_putc.o_i    romdata   0x002cf7    program   0x000000
 .idata_timer1_thread.o_i    romdata   0x002cf7    program   0x000000
 .romdata_timer1_thread.o    romdata   0x002cf7    program   0x000000
   .romdata_uart_thread.o    romdata   0x002cf7    program   0x000000
 .idata_timer0_thread.o_i    romdata   0x002cf7    program   0x000000
 .romdata_timer0_thread.o    romdata   0x002cf7    program   0x000000
   .idata_uart_thread.o_i    romdata   0x002cf7    program   0x000000
        .idata_my_i2c.o_i    romdata   0x002cf7    program   0x000000
        .romdata_my_i2c.o    romdata   0x002cf7    program   0x000000
       .romdata_my_uart.o    romdata   0x002cf7    program   0x000000
       .idata_adcbusy.o_i    romdata   0x002cf7    program   0x000000
       .romdata_adcbusy.o    romdata   0x002cf7    program   0x000000
       .idata_adcconv.o_i    romdata   0x002cf7    program   0x000000
       .romdata_adcconv.o    romdata   0x002cf7    program   0x000000
.romdata_user_interrupts.o    romdata   0x002cf7    program   0x000000
       .idata_adcopen.o_i    romdata   0x002cf7    program   0x000000
       .romdata_adcopen.o    romdata   0x002cf7    program   0x000000
         .idata_uread.o_i    romdata   0x002cf7    program   0x000000
        .romdata_t1read.o    romdata   0x002cf7    program   0x000000
        .idata_t1read.o_i    romdata   0x002cf7    program   0x000000
       .romdata_adcread.o    romdata   0x002cf7    program   0x000000
       .idata_adcread.o_i    romdata   0x002cf7    program   0x000000
      .romdata_messages.o    romdata   0x002cf7    program   0x000000
         .romdata_uopen.o    romdata   0x002cf7    program   0x000000
         .idata_uopen.o_i    romdata   0x002cf7    program   0x000000
    .idata_interrupts.o_i    romdata   0x002cf7    program   0x000000
        .romdata_t1open.o    romdata   0x002cf7    program   0x000000
        .idata_t1open.o_i    romdata   0x002cf7    program   0x000000
    .romdata_interrupts.o    romdata   0x002cf7    program   0x000000
        .romdata_t0open.o    romdata   0x002cf7    program   0x000000
        .idata_t0open.o_i    romdata   0x002cf7    program   0x000000
           .code_stdout.o       code   0x002cf8    program   0x000000
            .code_udefs.o       code   0x002cf8    program   0x000000
          .code_adcconv.o       code   0x002cf8    program   0x000004
          .code_c018i_e.o       code   0x002cf8    program   0x000000
           .code___init.o       code   0x002cfc    program   0x000002
.idata_user_interrupts.o_i    romdata   0x002cfe    program   0x000008
        .idata_stdout.o_i    romdata   0x002d06    program   0x000002
       .idata_my_uart.o_i    romdata   0x002d08    program   0x000003
          .idata_main.o_i    romdata   0x002d0b    program   0x000002
    .config_300003_main.o    romdata   0x300003    program   0x000001
                msgqueue4      udata   0x000000       data   0x00004b
         .udata_my_uart.o      udata   0x00004b       data   0x000012
         .idata_my_uart.o      idata   0x00005d       data   0x000003
                msgqueue3      udata   0x000060       data   0x00004a
                msgqueue2      udata   0x0000aa       data   0x00004a
         .udata_c018i_e.o      udata   0x0000f4       data   0x00000a
 .udata_user_interrupts.o      udata   0x0000fe       data   0x000002
                msgqueue1      udata   0x000100       data   0x00004a
            .udata_main.o      udata   0x00014a       data   0x00000f
 .idata_user_interrupts.o      idata   0x000159       data   0x000008
                 .tmpdata      udata   0x000161       data   0x000007
                MATH_DATA      udata   0x000168       data   0x000004
          .udata_my_i2c.o      udata   0x00016c       data   0x000002
          .idata_stdout.o      idata   0x00016e       data   0x000002
            .idata_main.o      idata   0x000170       data   0x000002
                DELAYDAT2      udata   0x000172       data   0x000001
                DELAYDAT1      udata   0x000173       data   0x000001
           .udata_udefs.o      udata   0x000174       data   0x000001
           .idata_udefs.o      idata   0x000175       data   0x000000
        .idata_adcsetch.o      idata   0x000175       data   0x000000
        .udata_adcsetch.o      udata   0x000175       data   0x000000
           .idata_uread.o      idata   0x000175       data   0x000000
           .udata_uread.o      udata   0x000175       data   0x000000
          .idata_t1read.o      idata   0x000175       data   0x000000
          .udata_t1read.o      udata   0x000175       data   0x000000
         .idata_adcread.o      idata   0x000175       data   0x000000
         .udata_adcread.o      udata   0x000175       data   0x000000
           .idata_uopen.o      idata   0x000175       data   0x000000
           .udata_uopen.o      udata   0x000175       data   0x000000
          .idata_t0open.o      idata   0x000175       data   0x000000
          .udata_t1open.o      udata   0x000175       data   0x000000
          .idata_t1open.o      idata   0x000175       data   0x000000
      .idata__user_putc.o      idata   0x000175       data   0x000000
      .udata__user_putc.o      udata   0x000175       data   0x000000
            .idata_putc.o      idata   0x000175       data   0x000000
            .udata_putc.o      udata   0x000175       data   0x000000
        .idata_vfprintf.o      idata   0x000175       data   0x000000
        .udata_vfprintf.o      udata   0x000175       data   0x000000
          .udata_stdout.o      udata   0x000175       data   0x000000
          .idata_printf.o      idata   0x000175       data   0x000000
          .udata_printf.o      udata   0x000175       data   0x000000
          .idata___init.o      idata   0x000175       data   0x000000
          .udata___init.o      udata   0x000175       data   0x000000
          .idata_uwrite.o      idata   0x000175       data   0x000000
          .udata_uwrite.o      udata   0x000175       data   0x000000
         .idata_t1write.o      idata   0x000175       data   0x000000
         .udata_t1write.o      udata   0x000175       data   0x000000
         .idata_t0write.o      idata   0x000175       data   0x000000
         .udata_t0write.o      udata   0x000175       data   0x000000
          .idata_my_i2c.o      idata   0x000175       data   0x000000
   .idata_timer0_thread.o      idata   0x000175       data   0x000000
   .udata_timer0_thread.o      udata   0x000175       data   0x000000
   .idata_timer1_thread.o      idata   0x000175       data   0x000000
   .udata_timer1_thread.o      udata   0x000175       data   0x000000
     .idata_uart_thread.o      idata   0x000175       data   0x000000
     .udata_uart_thread.o      udata   0x000175       data   0x000000
      .idata_interrupts.o      idata   0x000175       data   0x000000
      .udata_interrupts.o      udata   0x000175       data   0x000000
        .idata_messages.o      idata   0x000175       data   0x000000
        .udata_messages.o      udata   0x000175       data   0x000000
         .idata_c018i_e.o      idata   0x000175       data   0x000000
         .udata_adcbusy.o      udata   0x000175       data   0x000000
         .idata_adcbusy.o      idata   0x000175       data   0x000000
         .udata_adcconv.o      udata   0x000175       data   0x000000
         .idata_adcconv.o      idata   0x000175       data   0x000000
         .udata_adcopen.o      udata   0x000175       data   0x000000
         .idata_adcopen.o      idata   0x000175       data   0x000000
          .udata_t0open.o      udata   0x000175       data   0x000000
                   .stack      udata   0x000c00       data   0x000100
              SFR_BANKED0      udata   0x000d60       data   0x00000c
              SFR_BANKED1      udata   0x000d70       data   0x00000c
              SFR_BANKED2      udata   0x000d80       data   0x00000c
              SFR_BANKED3      udata   0x000d90       data   0x000004
              SFR_BANKED4      udata   0x000dd4       data   0x000002
              SFR_BANKED5      udata   0x000dd8       data   0x000001
              SFR_BANKED6      udata   0x000de0       data   0x000008
              SFR_BANKED7      udata   0x000df0       data   0x000004
              SFR_BANKED8      udata   0x000df8       data   0x000001
              SFR_BANKED9      udata   0x000dfa       data   0x000001
             SFR_BANKED10      udata   0x000dfc       data   0x000001
             SFR_BANKED11      udata   0x000e20       data   0x000060
             SFR_BANKED12      udata   0x000f00       data   0x000060
            SFR_UNBANKED0      udata   0x000f60       data   0x000018
            SFR_UNBANKED1      udata   0x000f80       data   0x000080



                              Program Memory Usage 
                               Start         End      
                           ---------   ---------      
                            0x000000    0x002cf6      
                            0x002cf8    0x002d0c      
                            0x300003    0x300003      
            11533 out of 66584 program addresses used, program memory utilization is 17%



                              Symbols - Sorted by Name
                     Name    Address   Location    Storage File                     
                ---------  ---------  ---------  --------- ---------                
                  BusyADC   0x00000e    program     extern E:\MPASM_MPLINK_PIC18_LT_Branch_3_42\pic18-lt\cxx-framework\src\pmc_common\ADC\adcbusy.c
               ConvertADC   0x002cf8    program     extern E:\MPASM_MPLINK_PIC18_LT_Branch_3_42\pic18-lt\cxx-framework\src\pmc_common\ADC\adcconv.c
                   D100_1   0x002c54    program     static E:\MPASM_MPLINK_PIC18_LT_Branch_3_42\pic18-lt\cxx-framework\src\extended\delays\d100tcyx.asm
                    D100x   0x002c52    program     static E:\MPASM_MPLINK_PIC18_LT_Branch_3_42\pic18-lt\cxx-framework\src\extended\delays\d100tcyx.asm
                   D10K_1   0x002a80    program     static E:\MPASM_MPLINK_PIC18_LT_Branch_3_42\pic18-lt\cxx-framework\src\extended\delays\d10ktcyx.asm
                    D10Kl   0x002a8e    program     static E:\MPASM_MPLINK_PIC18_LT_Branch_3_42\pic18-lt\cxx-framework\src\extended\delays\d10ktcyx.asm
                    D10Kx   0x002a7c    program     static E:\MPASM_MPLINK_PIC18_LT_Branch_3_42\pic18-lt\cxx-framework\src\extended\delays\d10ktcyx.asm
                    D10_1   0x002ce0    program     static E:\MPASM_MPLINK_PIC18_LT_Branch_3_42\pic18-lt\cxx-framework\src\extended\delays\d10tcyx.asm
                     D10x   0x002cd8    program     static E:\MPASM_MPLINK_PIC18_LT_Branch_3_42\pic18-lt\cxx-framework\src\extended\delays\d10tcyx.asm
                    D1K_1   0x002c30    program     static E:\MPASM_MPLINK_PIC18_LT_Branch_3_42\pic18-lt\cxx-framework\src\extended\delays\d1ktcyx.asm
                     D1Kx   0x002c2e    program     static E:\MPASM_MPLINK_PIC18_LT_Branch_3_42\pic18-lt\cxx-framework\src\extended\delays\d1ktcyx.asm
             Delay100TCYx   0x002c42    program     extern E:\MPASM_MPLINK_PIC18_LT_Branch_3_42\pic18-lt\cxx-framework\src\extended\delays\d100tcyx.asm
             Delay10KTCYx   0x002a70    program     extern E:\MPASM_MPLINK_PIC18_LT_Branch_3_42\pic18-lt\cxx-framework\src\extended\delays\d10ktcyx.asm
              Delay10TCYx   0x002cd0    program     extern E:\MPASM_MPLINK_PIC18_LT_Branch_3_42\pic18-lt\cxx-framework\src\extended\delays\d10tcyx.asm
              Delay1KTCYx   0x002c22    program     extern E:\MPASM_MPLINK_PIC18_LT_Branch_3_42\pic18-lt\cxx-framework\src\extended\delays\d1ktcyx.asm
     FromMainHigh_recvmsg   0x001cb4    program     extern C:\Workspace\Foos\Sensors\_Current_Project\Commands\messages.c
     FromMainHigh_sendmsg   0x001c86    program     extern C:\Workspace\Foos\Sensors\_Current_Project\Commands\messages.c
      FromMainLow_recvmsg   0x001c54    program     extern C:\Workspace\Foos\Sensors\_Current_Project\Commands\messages.c
      FromMainLow_sendmsg   0x001c26    program     extern C:\Workspace\Foos\Sensors\_Current_Project\Commands\messages.c
     InterruptHandlerHigh   0x001e96    program     extern C:\Workspace\Foos\Sensors\_Current_Project\Commands\interrupts.c
      InterruptHandlerLow   0x001f50    program     extern C:\Workspace\Foos\Sensors\_Current_Project\Commands\interrupts.c
      InterruptVectorHigh   0x000008    program     extern C:\Workspace\Foos\Sensors\_Current_Project\Commands\interrupts.c
       InterruptVectorLow   0x000018    program     extern C:\Workspace\Foos\Sensors\_Current_Project\Commands\interrupts.c
                  OpenADC   0x002942    program     extern E:\MPASM_MPLINK_PIC18_LT_Branch_3_42\pic18-lt\cxx-framework\src\pmc_common\ADC\adcopen.c
               OpenTimer0   0x002aa6    program     extern E:\MPASM_MPLINK_PIC18_LT_Branch_3_42\pic18-lt\cxx-framework\src\pmc_common\Timers\t0open.c
               OpenTimer1   0x0029f2    program     extern E:\MPASM_MPLINK_PIC18_LT_Branch_3_42\pic18-lt\cxx-framework\src\pmc_common\Timers\t1open.c
                OpenUSART   0x0027f6    program     extern E:\MPASM_MPLINK_PIC18_LT_Branch_3_42\pic18-lt\cxx-framework\src\pmc_common\USART\uopen.c
                  RESTORE   0x002084    program     static E:\MPASM_MPLINK_PIC18_LT_Branch_3_42\pic18-lt\cxx-framework\src\extended\math\div16u.asm
                  RESTORE   0x002128    program     static E:\MPASM_MPLINK_PIC18_LT_Branch_3_42\pic18-lt\cxx-framework\src\extended\math\div32u.asm
              RETQUOTIENT   0x00207c    program     static E:\MPASM_MPLINK_PIC18_LT_Branch_3_42\pic18-lt\cxx-framework\src\extended\math\div16u.asm
              RETQUOTIENT   0x002118    program     static E:\MPASM_MPLINK_PIC18_LT_Branch_3_42\pic18-lt\cxx-framework\src\extended\math\div32u.asm
                  ReadADC   0x002cb8    program     extern E:\MPASM_MPLINK_PIC18_LT_Branch_3_42\pic18-lt\cxx-framework\src\pmc_common\ADC\adcread.c
               ReadTimer1   0x002b40    program     extern E:\MPASM_MPLINK_PIC18_LT_Branch_3_42\pic18-lt\cxx-framework\src\pmc_common\Timers\t1read.c
                ReadUSART   0x002a32    program     extern E:\MPASM_MPLINK_PIC18_LT_Branch_3_42\pic18-lt\cxx-framework\src\pmc_common\USART\uread.c
                 SETUPSTK   0x00201a    program     static E:\MPASM_MPLINK_PIC18_LT_Branch_3_42\pic18-lt\cxx-framework\src\extended\math\div16u.asm
                 SETUPSTK   0x002092    program     static E:\MPASM_MPLINK_PIC18_LT_Branch_3_42\pic18-lt\cxx-framework\src\extended\math\div32u.asm
               SetChanADC   0x002ba0    program     extern E:\MPASM_MPLINK_PIC18_LT_Branch_3_42\pic18-lt\cxx-framework\src\pmc_common\ADC\adcsetch.c
              SleepIfOkay   0x001d68    program     extern C:\Workspace\Foos\Sensors\_Current_Project\Commands\messages.c
       ToMainHigh_recvmsg   0x001bf4    program     extern C:\Workspace\Foos\Sensors\_Current_Project\Commands\messages.c
       ToMainHigh_sendmsg   0x001bc6    program     extern C:\Workspace\Foos\Sensors\_Current_Project\Commands\messages.c
        ToMainLow_recvmsg   0x001b94    program     extern C:\Workspace\Foos\Sensors\_Current_Project\Commands\messages.c
        ToMainLow_sendmsg   0x001b66    program     extern C:\Workspace\Foos\Sensors\_Current_Project\Commands\messages.c
              WriteTimer0   0x002b70    program     extern E:\MPASM_MPLINK_PIC18_LT_Branch_3_42\pic18-lt\cxx-framework\src\pmc_common\Timers\t0write.c
              WriteTimer1   0x002b10    program     extern E:\MPASM_MPLINK_PIC18_LT_Branch_3_42\pic18-lt\cxx-framework\src\pmc_common\Timers\t1write.c
               WriteUSART   0x002bd0    program     extern E:\MPASM_MPLINK_PIC18_LT_Branch_3_42\pic18-lt\cxx-framework\src\pmc_common\USART\uwrite.c
                   _2jEnd   0x0026a8    program     static E:\MPASM_MPLINK_PIC18_LT_Branch_3_42\pic18-lt\cxx-framework\src\extended\stdclib\slenpgm.asm
              _4jContinue   0x002636    program     static E:\MPASM_MPLINK_PIC18_LT_Branch_3_42\pic18-lt\cxx-framework\src\extended\stdclib\memcpy.asm
                   _5jEnd   0x002640    program     static E:\MPASM_MPLINK_PIC18_LT_Branch_3_42\pic18-lt\cxx-framework\src\extended\stdclib\memcpy.asm
       _D100TCYXCODE_000A   0x002c4c    program     static E:\MPASM_MPLINK_PIC18_LT_Branch_3_42\pic18-lt\cxx-framework\src\extended\delays\d100tcyx.asm
       _D100TCYXCODE_000C   0x002c4e    program     static E:\MPASM_MPLINK_PIC18_LT_Branch_3_42\pic18-lt\cxx-framework\src\extended\delays\d100tcyx.asm
       _D100TCYXCODE_0016   0x002c58    program     static E:\MPASM_MPLINK_PIC18_LT_Branch_3_42\pic18-lt\cxx-framework\src\extended\delays\d100tcyx.asm
       _D100TCYXCODE_001C   0x002c5e    program     static E:\MPASM_MPLINK_PIC18_LT_Branch_3_42\pic18-lt\cxx-framework\src\extended\delays\d100tcyx.asm
       _D10KTCYXCODE_0014   0x002a84    program     static E:\MPASM_MPLINK_PIC18_LT_Branch_3_42\pic18-lt\cxx-framework\src\extended\delays\d10ktcyx.asm
       _D10KTCYXCODE_0022   0x002a92    program     static E:\MPASM_MPLINK_PIC18_LT_Branch_3_42\pic18-lt\cxx-framework\src\extended\delays\d10ktcyx.asm
        _D10TCYXCODE_000A   0x002cda    program     static E:\MPASM_MPLINK_PIC18_LT_Branch_3_42\pic18-lt\cxx-framework\src\extended\delays\d10tcyx.asm
        _D10TCYXCODE_000C   0x002cdc    program     static E:\MPASM_MPLINK_PIC18_LT_Branch_3_42\pic18-lt\cxx-framework\src\extended\delays\d10tcyx.asm
        _D10TCYXCODE_000E   0x002cde    program     static E:\MPASM_MPLINK_PIC18_LT_Branch_3_42\pic18-lt\cxx-framework\src\extended\delays\d10tcyx.asm
        _D1KTCYXCODE_0012   0x002c34    program     static E:\MPASM_MPLINK_PIC18_LT_Branch_3_42\pic18-lt\cxx-framework\src\extended\delays\d1ktcyx.asm
        _D1KTCYXCODE_0018   0x002c3a    program     static E:\MPASM_MPLINK_PIC18_LT_Branch_3_42\pic18-lt\cxx-framework\src\extended\delays\d1ktcyx.asm
       ___return_lbl00000   0x000004    program     static                          
       ___return_lbl00001   0x002cb6    program     static                          
       ___return_lbl00002   0x00275a    program     static                          
       ___return_lbl00012   0x00001c    program     static                          
       ___return_lbl00013   0x00000c    program     static                          
       ___return_lbl00019   0x001d20    program     static                          
               __config_0   0x300003    program     static C:\Workspace\Foos\Sensors\_Current_Project\Commands\main.c
                 __div16u   0x002032    program     extern E:\MPASM_MPLINK_PIC18_LT_Branch_3_42\pic18-lt\cxx-framework\src\extended\math\div16u.asm
                 __div32u   0x0020aa    program     extern E:\MPASM_MPLINK_PIC18_LT_Branch_3_42\pic18-lt\cxx-framework\src\extended\math\div32u.asm
                   __init   0x002cfc    program     extern E:\MPASM_MPLINK_PIC18_LT_Branch_3_42\pic18-lt\cxx-framework\src\extended\stdclib\__init.c
                 __mod16u   0x002038    program     extern E:\MPASM_MPLINK_PIC18_LT_Branch_3_42\pic18-lt\cxx-framework\src\extended\math\div16u.asm
                 __mod32u   0x0020b0    program     extern E:\MPASM_MPLINK_PIC18_LT_Branch_3_42\pic18-lt\cxx-framework\src\extended\math\div32u.asm
                  __mul32   0x002136    program     extern E:\MPASM_MPLINK_PIC18_LT_Branch_3_42\pic18-lt\cxx-framework\src\extended\math\mul32.asm
               __string_0   0x002343    program     static C:\Workspace\Foos\Sensors\_Current_Project\Commands\timer0_thread.c
               __string_0   0x00233c    program     static C:\Workspace\Foos\Sensors\_Current_Project\Commands\main.c
               __string_1   0x002329    program     static C:\Workspace\Foos\Sensors\_Current_Project\Commands\main.c
              __string_10   0x0022bb    program     static C:\Workspace\Foos\Sensors\_Current_Project\Commands\main.c
              __string_11   0x0022b7    program     static C:\Workspace\Foos\Sensors\_Current_Project\Commands\main.c
              __string_12   0x0022b1    program     static C:\Workspace\Foos\Sensors\_Current_Project\Commands\main.c
              __string_13   0x0022a1    program     static C:\Workspace\Foos\Sensors\_Current_Project\Commands\main.c
              __string_14   0x002299    program     static C:\Workspace\Foos\Sensors\_Current_Project\Commands\main.c
              __string_15   0x002282    program     static C:\Workspace\Foos\Sensors\_Current_Project\Commands\main.c
              __string_16   0x00226b    program     static C:\Workspace\Foos\Sensors\_Current_Project\Commands\main.c
              __string_17   0x00225f    program     static C:\Workspace\Foos\Sensors\_Current_Project\Commands\main.c
              __string_18   0x002253    program     static C:\Workspace\Foos\Sensors\_Current_Project\Commands\main.c
              __string_19   0x002221    program     static C:\Workspace\Foos\Sensors\_Current_Project\Commands\main.c
               __string_2   0x00230b    program     static C:\Workspace\Foos\Sensors\_Current_Project\Commands\main.c
              __string_20   0x002216    program     static C:\Workspace\Foos\Sensors\_Current_Project\Commands\main.c
              __string_21   0x0021f6    program     static C:\Workspace\Foos\Sensors\_Current_Project\Commands\main.c
              __string_22   0x0021eb    program     static C:\Workspace\Foos\Sensors\_Current_Project\Commands\main.c
              __string_23   0x0021e9    program     static C:\Workspace\Foos\Sensors\_Current_Project\Commands\main.c
              __string_24   0x0021e7    program     static C:\Workspace\Foos\Sensors\_Current_Project\Commands\main.c
              __string_25   0x0021d8    program     static C:\Workspace\Foos\Sensors\_Current_Project\Commands\main.c
               __string_3   0x002300    program     static C:\Workspace\Foos\Sensors\_Current_Project\Commands\main.c
               __string_4   0x0022f5    program     static C:\Workspace\Foos\Sensors\_Current_Project\Commands\main.c
               __string_5   0x0022ea    program     static C:\Workspace\Foos\Sensors\_Current_Project\Commands\main.c
               __string_6   0x0022df    program     static C:\Workspace\Foos\Sensors\_Current_Project\Commands\main.c
               __string_7   0x0022d4    program     static C:\Workspace\Foos\Sensors\_Current_Project\Commands\main.c
               __string_8   0x0022c9    program     static C:\Workspace\Foos\Sensors\_Current_Project\Commands\main.c
               __string_9   0x0022c3    program     static C:\Workspace\Foos\Sensors\_Current_Project\Commands\main.c
              __tmplbl_41   0x000c56    program     static                          
              __tmplbl_42   0x000c02    program     static                          
              __tmplbl_56   0x000c32    program     static                          
              __tmplbl_57   0x000c26    program     static                          
              __tmplbl_58   0x000c2e    program     static                          
              __tmplbl_88   0x0000c4    program     static                          
            __zero_memory   0x002c62    program     extern E:\MPASM_MPLINK_PIC18_LT_Branch_3_42\pic18-lt\cxx-framework\src\extended\proc\p18f2680.asm
                _do_cinit   0x0026be    program     extern E:\MPASM_MPLINK_PIC18_LT_Branch_3_42\pic18-lt\cxx-framework\src\extended\startup\c018i_e.c
            _early16uexit   0x00203c    program     extern E:\MPASM_MPLINK_PIC18_LT_Branch_3_42\pic18-lt\cxx-framework\src\extended\math\div16u.asm
            _early32uexit   0x0020b4    program     extern E:\MPASM_MPLINK_PIC18_LT_Branch_3_42\pic18-lt\cxx-framework\src\extended\math\div32u.asm
                   _entry   0x000000    program     extern E:\MPASM_MPLINK_PIC18_LT_Branch_3_42\pic18-lt\cxx-framework\src\extended\startup\c018i_e.c
                   _false   0x0020f8    program     static E:\MPASM_MPLINK_PIC18_LT_Branch_3_42\pic18-lt\cxx-framework\src\extended\math\div32u.asm
                 _startup   0x002c9e    program     extern E:\MPASM_MPLINK_PIC18_LT_Branch_3_42\pic18-lt\cxx-framework\src\extended\startup\c018i_e.c
              _usart_putc   0x002c82    program     extern E:\MPASM_MPLINK_PIC18_LT_Branch_3_42\pic18-lt\cxx-framework\src\pmc_common\USART\_usartpc.asm
               _user_putc   0x000006    program     extern E:\MPASM_MPLINK_PIC18_LT_Branch_3_42\pic18-lt\cxx-framework\src\extended\stdclib\_user_putc.c
              autoConnect   0x001830    program     extern C:\Workspace\Foos\Sensors\_Current_Project\Commands\main.c
    block_on_To_msgqueues   0x001dc4    program     extern C:\Workspace\Foos\Sensors\_Current_Project\Commands\messages.c
                check_msg   0x001d22    program     extern C:\Workspace\Foos\Sensors\_Current_Project\Commands\messages.c
                compare_l   0x002c78    program     static E:\MPASM_MPLINK_PIC18_LT_Branch_3_42\pic18-lt\cxx-framework\src\extended\proc\p18f2680.asm
                copy_loop   0x002730    program     static                          
            copy_one_byte   0x002736    program     static                          
                divmod16u   0x00203e    program     static E:\MPASM_MPLINK_PIC18_LT_Branch_3_42\pic18-lt\cxx-framework\src\extended\math\div16u.asm
                divmod32u   0x0020b6    program     static E:\MPASM_MPLINK_PIC18_LT_Branch_3_42\pic18-lt\cxx-framework\src\extended\math\div32u.asm
                     done   0x00275a    program     static                          
             done_copying   0x002744    program     static                          
        enable_interrupts   0x001e10    program     extern C:\Workspace\Foos\Sensors\_Current_Project\Commands\interrupts.c
                  endloop   0x002064    program     static E:\MPASM_MPLINK_PIC18_LT_Branch_3_42\pic18-lt\cxx-framework\src\extended\math\div16u.asm
         enterCommandMode   0x001632    program     extern C:\Workspace\Foos\Sensors\_Current_Project\Commands\main.c
         enter_sleep_mode   0x001d1c    program     extern C:\Workspace\Foos\Sensors\_Current_Project\Commands\messages.c
          exitCommandMode   0x0016b8    program     extern C:\Workspace\Foos\Sensors\_Current_Project\Commands\main.c
             factoryReset   0x0018ea    program     extern C:\Workspace\Foos\Sensors\_Current_Project\Commands\main.c
             handle_start   0x000d72    program     extern C:\Workspace\Foos\Sensors\_Current_Project\Commands\my_i2c.c
     i2c_configure_master   0x000c6a    program     extern C:\Workspace\Foos\Sensors\_Current_Project\Commands\my_i2c.c
      i2c_configure_slave   0x001306    program     extern C:\Workspace\Foos\Sensors\_Current_Project\Commands\my_i2c.c
          i2c_int_handler   0x000e2c    program     extern C:\Workspace\Foos\Sensors\_Current_Project\Commands\my_i2c.c
          i2c_master_recv   0x000c8e    program     extern C:\Workspace\Foos\Sensors\_Current_Project\Commands\my_i2c.c
          i2c_master_send   0x000c7c    program     extern C:\Workspace\Foos\Sensors\_Current_Project\Commands\my_i2c.c
              in_high_int   0x001e18    program     extern C:\Workspace\Foos\Sensors\_Current_Project\Commands\interrupts.c
               in_low_int   0x001e58    program     extern C:\Workspace\Foos\Sensors\_Current_Project\Commands\interrupts.c
                  in_main   0x001e70    program     extern C:\Workspace\Foos\Sensors\_Current_Project\Commands\interrupts.c
                 init_i2c   0x0012a2    program     extern C:\Workspace\Foos\Sensors\_Current_Project\Commands\my_i2c.c
               init_queue   0x00191a    program     extern C:\Workspace\Foos\Sensors\_Current_Project\Commands\messages.c
              init_queues   0x001ce6    program     extern C:\Workspace\Foos\Sensors\_Current_Project\Commands\messages.c
      init_timer1_lthread   0x00275c    program     extern C:\Workspace\Foos\Sensors\_Current_Project\Commands\timer1_thread.c
           init_uart_recv   0x0025d4    program     extern C:\Workspace\Foos\Sensors\_Current_Project\Commands\my_uart.c
                init_xbee   0x002600    program     extern C:\Workspace\Foos\Sensors\_Current_Project\Commands\my_uart.c
               initialize   0x0013d8    program     extern C:\Workspace\Foos\Sensors\_Current_Project\Commands\main.c
                  isdigit   0x002bfe    program     extern E:\MPASM_MPLINK_PIC18_LT_Branch_3_42\pic18-lt\cxx-framework\src\extended\stdclib\isdigit.asm
                     jEnd   0x002672    program     static E:\MPASM_MPLINK_PIC18_LT_Branch_3_42\pic18-lt\cxx-framework\src\extended\stdclib\strlen.asm
                     jEnd   0x002646    program     static E:\MPASM_MPLINK_PIC18_LT_Branch_3_42\pic18-lt\cxx-framework\src\extended\stdclib\memcpy.asm
                     jEnd   0x0026aa    program     static E:\MPASM_MPLINK_PIC18_LT_Branch_3_42\pic18-lt\cxx-framework\src\extended\stdclib\slenpgm.asm
                    jLoop   0x00262a    program     static E:\MPASM_MPLINK_PIC18_LT_Branch_3_42\pic18-lt\cxx-framework\src\extended\stdclib\memcpy.asm
                    jLoop   0x002692    program     static E:\MPASM_MPLINK_PIC18_LT_Branch_3_42\pic18-lt\cxx-framework\src\extended\stdclib\slenpgm.asm
                    jLoop   0x002668    program     static E:\MPASM_MPLINK_PIC18_LT_Branch_3_42\pic18-lt\cxx-framework\src\extended\stdclib\strlen.asm
                   jMatch   0x002c1e    program     static E:\MPASM_MPLINK_PIC18_LT_Branch_3_42\pic18-lt\cxx-framework\src\extended\stdclib\isdigit.asm
                 jNoMatch   0x002c20    program     static E:\MPASM_MPLINK_PIC18_LT_Branch_3_42\pic18-lt\cxx-framework\src\extended\stdclib\isdigit.asm
              joinNetwork   0x00173e    program     extern C:\Workspace\Foos\Sensors\_Current_Project\Commands\main.c
                longDelay   0x001508    program     extern C:\Workspace\Foos\Sensors\_Current_Project\Commands\main.c
                     loop   0x002cac    program     static                          
                     loop   0x002c92    program     static E:\MPASM_MPLINK_PIC18_LT_Branch_3_42\pic18-lt\cxx-framework\src\pmc_common\USART\_usartpc.asm
                     loop   0x002048    program     static E:\MPASM_MPLINK_PIC18_LT_Branch_3_42\pic18-lt\cxx-framework\src\extended\math\div16u.asm
                     loop   0x0020c4    program     static E:\MPASM_MPLINK_PIC18_LT_Branch_3_42\pic18-lt\cxx-framework\src\extended\math\div32u.asm
                   loop_h   0x002c70    program     static E:\MPASM_MPLINK_PIC18_LT_Branch_3_42\pic18-lt\cxx-framework\src\extended\proc\p18f2680.asm
                   loop_l   0x002c7a    program     static E:\MPASM_MPLINK_PIC18_LT_Branch_3_42\pic18-lt\cxx-framework\src\extended\proc\p18f2680.asm
           low_int_active   0x001e38    program     extern C:\Workspace\Foos\Sensors\_Current_Project\Commands\interrupts.c
                     main   0x001334    program     extern C:\Workspace\Foos\Sensors\_Current_Project\Commands\main.c
                   memcpy   0x002602    program     extern E:\MPASM_MPLINK_PIC18_LT_Branch_3_42\pic18-lt\cxx-framework\src\extended\stdclib\memcpy.asm
           openConnection   0x0017f0    program     extern C:\Workspace\Foos\Sensors\_Current_Project\Commands\main.c
                   printf   0x0028de    program     extern E:\MPASM_MPLINK_PIC18_LT_Branch_3_42\pic18-lt\cxx-framework\src\extended\stdclib\printf.c
                     putc   0x002878    program     extern E:\MPASM_MPLINK_PIC18_LT_Branch_3_42\pic18-lt\cxx-framework\src\extended\stdclib\putc.c
             rebootModule   0x0015a0    program     extern C:\Workspace\Foos\Sensors\_Current_Project\Commands\main.c
                 recv_msg   0x001a60    program     extern C:\Workspace\Foos\Sensors\_Current_Project\Commands\messages.c
                 s_digits   0x002ce6    program     static E:\MPASM_MPLINK_PIC18_LT_Branch_3_42\pic18-lt\cxx-framework\src\extended\stdclib\vfprintf.c
            s_put_n_chars   0x000050    program     static E:\MPASM_MPLINK_PIC18_LT_Branch_3_42\pic18-lt\cxx-framework\src\extended\stdclib\vfprintf.c
            sendGoalBlack   0x0018c2    program     extern C:\Workspace\Foos\Sensors\_Current_Project\Commands\main.c
           sendGoalYellow   0x0018d6    program     extern C:\Workspace\Foos\Sensors\_Current_Project\Commands\main.c
               sendString   0x00153a    program     extern C:\Workspace\Foos\Sensors\_Current_Project\Commands\main.c
                 send_msg   0x001978    program     extern C:\Workspace\Foos\Sensors\_Current_Project\Commands\messages.c
    start_i2c_slave_reply   0x000ca0    program     extern C:\Workspace\Foos\Sensors\_Current_Project\Commands\my_i2c.c
                   strlen   0x002658    program     extern E:\MPASM_MPLINK_PIC18_LT_Branch_3_42\pic18-lt\cxx-framework\src\extended\stdclib\strlen.asm
                strlenpgm   0x002674    program     extern E:\MPASM_MPLINK_PIC18_LT_Branch_3_42\pic18-lt\cxx-framework\src\extended\stdclib\slenpgm.asm
                     test   0x0026d8    program     static                          
       timer0_int_handler   0x002356    program     extern C:\Workspace\Foos\Sensors\_Current_Project\Commands\user_interrupts.c
           timer0_lthread   0x0029a6    program     extern C:\Workspace\Foos\Sensors\_Current_Project\Commands\timer0_thread.c
       timer1_int_handler   0x002478    program     extern C:\Workspace\Foos\Sensors\_Current_Project\Commands\user_interrupts.c
           timer1_lthread   0x00277a    program     extern C:\Workspace\Foos\Sensors\_Current_Project\Commands\timer1_thread.c
             uart_lthread   0x002adc    program     extern C:\Workspace\Foos\Sensors\_Current_Project\Commands\uart_thread.c
    uart_recv_int_handler   0x0024b6    program     extern C:\Workspace\Foos\Sensors\_Current_Project\Commands\my_uart.c
                 vfprintf   0x0000a0    program     extern E:\MPASM_MPLINK_PIC18_LT_Branch_3_42\pic18-lt\cxx-framework\src\extended\stdclib\vfprintf.c
               zero_block   0x002c70    program     static E:\MPASM_MPLINK_PIC18_LT_Branch_3_42\pic18-lt\cxx-framework\src\extended\proc\p18f2680.asm
                   ADCON0   0x000fc2       data     extern E:\MPASM_MPLINK_PIC18_LT_Branch_3_42\pic18-lt\cxx-framework\src\extended\proc\p18f2680.asm
               ADCON0bits   0x000fc2       data     extern E:\MPASM_MPLINK_PIC18_LT_Branch_3_42\pic18-lt\cxx-framework\src\extended\proc\p18f2680.asm
                   ADCON1   0x000fc1       data     extern E:\MPASM_MPLINK_PIC18_LT_Branch_3_42\pic18-lt\cxx-framework\src\extended\proc\p18f2680.asm
               ADCON1bits   0x000fc1       data     extern E:\MPASM_MPLINK_PIC18_LT_Branch_3_42\pic18-lt\cxx-framework\src\extended\proc\p18f2680.asm
                   ADCON2   0x000fc0       data     extern E:\MPASM_MPLINK_PIC18_LT_Branch_3_42\pic18-lt\cxx-framework\src\extended\proc\p18f2680.asm
               ADCON2bits   0x000fc0       data     extern E:\MPASM_MPLINK_PIC18_LT_Branch_3_42\pic18-lt\cxx-framework\src\extended\proc\p18f2680.asm
                    ADRES   0x000fc3       data     extern E:\MPASM_MPLINK_PIC18_LT_Branch_3_42\pic18-lt\cxx-framework\src\extended\proc\p18f2680.asm
                   ADRESH   0x000fc4       data     extern E:\MPASM_MPLINK_PIC18_LT_Branch_3_42\pic18-lt\cxx-framework\src\extended\proc\p18f2680.asm
                   ADRESL   0x000fc3       data     extern E:\MPASM_MPLINK_PIC18_LT_Branch_3_42\pic18-lt\cxx-framework\src\extended\proc\p18f2680.asm
                    B0CON   0x000e20       data     extern E:\MPASM_MPLINK_PIC18_LT_Branch_3_42\pic18-lt\cxx-framework\src\extended\proc\p18f2680.asm
                B0CONbits   0x000e20       data     extern E:\MPASM_MPLINK_PIC18_LT_Branch_3_42\pic18-lt\cxx-framework\src\extended\proc\p18f2680.asm
                     B0D0   0x000e26       data     extern E:\MPASM_MPLINK_PIC18_LT_Branch_3_42\pic18-lt\cxx-framework\src\extended\proc\p18f2680.asm
                 B0D0bits   0x000e26       data     extern E:\MPASM_MPLINK_PIC18_LT_Branch_3_42\pic18-lt\cxx-framework\src\extended\proc\p18f2680.asm
                     B0D1   0x000e27       data     extern E:\MPASM_MPLINK_PIC18_LT_Branch_3_42\pic18-lt\cxx-framework\src\extended\proc\p18f2680.asm
                 B0D1bits   0x000e27       data     extern E:\MPASM_MPLINK_PIC18_LT_Branch_3_42\pic18-lt\cxx-framework\src\extended\proc\p18f2680.asm
                     B0D2   0x000e28       data     extern E:\MPASM_MPLINK_PIC18_LT_Branch_3_42\pic18-lt\cxx-framework\src\extended\proc\p18f2680.asm
                 B0D2bits   0x000e28       data     extern E:\MPASM_MPLINK_PIC18_LT_Branch_3_42\pic18-lt\cxx-framework\src\extended\proc\p18f2680.asm
                     B0D3   0x000e29       data     extern E:\MPASM_MPLINK_PIC18_LT_Branch_3_42\pic18-lt\cxx-framework\src\extended\proc\p18f2680.asm
                 B0D3bits   0x000e29       data     extern E:\MPASM_MPLINK_PIC18_LT_Branch_3_42\pic18-lt\cxx-framework\src\extended\proc\p18f2680.asm
                     B0D4   0x000e2a       data     extern E:\MPASM_MPLINK_PIC18_LT_Branch_3_42\pic18-lt\cxx-framework\src\extended\proc\p18f2680.asm
                 B0D4bits   0x000e2a       data     extern E:\MPASM_MPLINK_PIC18_LT_Branch_3_42\pic18-lt\cxx-framework\src\extended\proc\p18f2680.asm
                     B0D5   0x000e2b       data     extern E:\MPASM_MPLINK_PIC18_LT_Branch_3_42\pic18-lt\cxx-framework\src\extended\proc\p18f2680.asm
                 B0D5bits   0x000e2b       data     extern E:\MPASM_MPLINK_PIC18_LT_Branch_3_42\pic18-lt\cxx-framework\src\extended\proc\p18f2680.asm
                     B0D6   0x000e2c       data     extern E:\MPASM_MPLINK_PIC18_LT_Branch_3_42\pic18-lt\cxx-framework\src\extended\proc\p18f2680.asm
                 B0D6bits   0x000e2c       data     extern E:\MPASM_MPLINK_PIC18_LT_Branch_3_42\pic18-lt\cxx-framework\src\extended\proc\p18f2680.asm
                     B0D7   0x000e2d       data     extern E:\MPASM_MPLINK_PIC18_LT_Branch_3_42\pic18-lt\cxx-framework\src\extended\proc\p18f2680.asm
                 B0D7bits   0x000e2d       data     extern E:\MPASM_MPLINK_PIC18_LT_Branch_3_42\pic18-lt\cxx-framework\src\extended\proc\p18f2680.asm
                    B0DLC   0x000e25       data     extern E:\MPASM_MPLINK_PIC18_LT_Branch_3_42\pic18-lt\cxx-framework\src\extended\proc\p18f2680.asm
                B0DLCbits   0x000e25       data     extern E:\MPASM_MPLINK_PIC18_LT_Branch_3_42\pic18-lt\cxx-framework\src\extended\proc\p18f2680.asm
                   B0EIDH   0x000e23       data     extern E:\MPASM_MPLINK_PIC18_LT_Branch_3_42\pic18-lt\cxx-framework\src\extended\proc\p18f2680.asm
               B0EIDHbits   0x000e23       data     extern E:\MPASM_MPLINK_PIC18_LT_Branch_3_42\pic18-lt\cxx-framework\src\extended\proc\p18f2680.asm
                   B0EIDL   0x000e24       data     extern E:\MPASM_MPLINK_PIC18_LT_Branch_3_42\pic18-lt\cxx-framework\src\extended\proc\p18f2680.asm
               B0EIDLbits   0x000e24       data     extern E:\MPASM_MPLINK_PIC18_LT_Branch_3_42\pic18-lt\cxx-framework\src\extended\proc\p18f2680.asm
                   B0SIDH   0x000e21       data     extern E:\MPASM_MPLINK_PIC18_LT_Branch_3_42\pic18-lt\cxx-framework\src\extended\proc\p18f2680.asm
               B0SIDHbits   0x000e21       data     extern E:\MPASM_MPLINK_PIC18_LT_Branch_3_42\pic18-lt\cxx-framework\src\extended\proc\p18f2680.asm
                   B0SIDL   0x000e22       data     extern E:\MPASM_MPLINK_PIC18_LT_Branch_3_42\pic18-lt\cxx-framework\src\extended\proc\p18f2680.asm
               B0SIDLbits   0x000e22       data     extern E:\MPASM_MPLINK_PIC18_LT_Branch_3_42\pic18-lt\cxx-framework\src\extended\proc\p18f2680.asm
                    B1CON   0x000e30       data     extern E:\MPASM_MPLINK_PIC18_LT_Branch_3_42\pic18-lt\cxx-framework\src\extended\proc\p18f2680.asm
                B1CONbits   0x000e30       data     extern E:\MPASM_MPLINK_PIC18_LT_Branch_3_42\pic18-lt\cxx-framework\src\extended\proc\p18f2680.asm
                     B1D0   0x000e36       data     extern E:\MPASM_MPLINK_PIC18_LT_Branch_3_42\pic18-lt\cxx-framework\src\extended\proc\p18f2680.asm
                 B1D0bits   0x000e36       data     extern E:\MPASM_MPLINK_PIC18_LT_Branch_3_42\pic18-lt\cxx-framework\src\extended\proc\p18f2680.asm
                     B1D1   0x000e37       data     extern E:\MPASM_MPLINK_PIC18_LT_Branch_3_42\pic18-lt\cxx-framework\src\extended\proc\p18f2680.asm
                 B1D1bits   0x000e37       data     extern E:\MPASM_MPLINK_PIC18_LT_Branch_3_42\pic18-lt\cxx-framework\src\extended\proc\p18f2680.asm
                     B1D2   0x000e38       data     extern E:\MPASM_MPLINK_PIC18_LT_Branch_3_42\pic18-lt\cxx-framework\src\extended\proc\p18f2680.asm
                 B1D2bits   0x000e38       data     extern E:\MPASM_MPLINK_PIC18_LT_Branch_3_42\pic18-lt\cxx-framework\src\extended\proc\p18f2680.asm
                     B1D3   0x000e39       data     extern E:\MPASM_MPLINK_PIC18_LT_Branch_3_42\pic18-lt\cxx-framework\src\extended\proc\p18f2680.asm
                 B1D3bits   0x000e39       data     extern E:\MPASM_MPLINK_PIC18_LT_Branch_3_42\pic18-lt\cxx-framework\src\extended\proc\p18f2680.asm
                     B1D4   0x000e3a       data     extern E:\MPASM_MPLINK_PIC18_LT_Branch_3_42\pic18-lt\cxx-framework\src\extended\proc\p18f2680.asm
                 B1D4bits   0x000e3a       data     extern E:\MPASM_MPLINK_PIC18_LT_Branch_3_42\pic18-lt\cxx-framework\src\extended\proc\p18f2680.asm
                     B1D5   0x000e3b       data     extern E:\MPASM_MPLINK_PIC18_LT_Branch_3_42\pic18-lt\cxx-framework\src\extended\proc\p18f2680.asm
                 B1D5bits   0x000e3b       data     extern E:\MPASM_MPLINK_PIC18_LT_Branch_3_42\pic18-lt\cxx-framework\src\extended\proc\p18f2680.asm
                     B1D6   0x000e3c       data     extern E:\MPASM_MPLINK_PIC18_LT_Branch_3_42\pic18-lt\cxx-framework\src\extended\proc\p18f2680.asm
                 B1D6bits   0x000e3c       data     extern E:\MPASM_MPLINK_PIC18_LT_Branch_3_42\pic18-lt\cxx-framework\src\extended\proc\p18f2680.asm
                     B1D7   0x000e3d       data     extern E:\MPASM_MPLINK_PIC18_LT_Branch_3_42\pic18-lt\cxx-framework\src\extended\proc\p18f2680.asm
                 B1D7bits   0x000e3d       data     extern E:\MPASM_MPLINK_PIC18_LT_Branch_3_42\pic18-lt\cxx-framework\src\extended\proc\p18f2680.asm
                    B1DLC   0x000e35       data     extern E:\MPASM_MPLINK_PIC18_LT_Branch_3_42\pic18-lt\cxx-framework\src\extended\proc\p18f2680.asm
                B1DLCbits   0x000e35       data     extern E:\MPASM_MPLINK_PIC18_LT_Branch_3_42\pic18-lt\cxx-framework\src\extended\proc\p18f2680.asm
                   B1EIDH   0x000e33       data     extern E:\MPASM_MPLINK_PIC18_LT_Branch_3_42\pic18-lt\cxx-framework\src\extended\proc\p18f2680.asm
               B1EIDHbits   0x000e33       data     extern E:\MPASM_MPLINK_PIC18_LT_Branch_3_42\pic18-lt\cxx-framework\src\extended\proc\p18f2680.asm
                   B1EIDL   0x000e34       data     extern E:\MPASM_MPLINK_PIC18_LT_Branch_3_42\pic18-lt\cxx-framework\src\extended\proc\p18f2680.asm
               B1EIDLbits   0x000e34       data     extern E:\MPASM_MPLINK_PIC18_LT_Branch_3_42\pic18-lt\cxx-framework\src\extended\proc\p18f2680.asm
                   B1SIDH   0x000e31       data     extern E:\MPASM_MPLINK_PIC18_LT_Branch_3_42\pic18-lt\cxx-framework\src\extended\proc\p18f2680.asm
               B1SIDHbits   0x000e31       data     extern E:\MPASM_MPLINK_PIC18_LT_Branch_3_42\pic18-lt\cxx-framework\src\extended\proc\p18f2680.asm
                   B1SIDL   0x000e32       data     extern E:\MPASM_MPLINK_PIC18_LT_Branch_3_42\pic18-lt\cxx-framework\src\extended\proc\p18f2680.asm
               B1SIDLbits   0x000e32       data     extern E:\MPASM_MPLINK_PIC18_LT_Branch_3_42\pic18-lt\cxx-framework\src\extended\proc\p18f2680.asm
                    B2CON   0x000e40       data     extern E:\MPASM_MPLINK_PIC18_LT_Branch_3_42\pic18-lt\cxx-framework\src\extended\proc\p18f2680.asm
                B2CONbits   0x000e40       data     extern E:\MPASM_MPLINK_PIC18_LT_Branch_3_42\pic18-lt\cxx-framework\src\extended\proc\p18f2680.asm
                     B2D0   0x000e46       data     extern E:\MPASM_MPLINK_PIC18_LT_Branch_3_42\pic18-lt\cxx-framework\src\extended\proc\p18f2680.asm
                 B2D0bits   0x000e46       data     extern E:\MPASM_MPLINK_PIC18_LT_Branch_3_42\pic18-lt\cxx-framework\src\extended\proc\p18f2680.asm
                     B2D1   0x000e47       data     extern E:\MPASM_MPLINK_PIC18_LT_Branch_3_42\pic18-lt\cxx-framework\src\extended\proc\p18f2680.asm
                 B2D1bits   0x000e47       data     extern E:\MPASM_MPLINK_PIC18_LT_Branch_3_42\pic18-lt\cxx-framework\src\extended\proc\p18f2680.asm
                     B2D2   0x000e48       data     extern E:\MPASM_MPLINK_PIC18_LT_Branch_3_42\pic18-lt\cxx-framework\src\extended\proc\p18f2680.asm
                 B2D2bits   0x000e48       data     extern E:\MPASM_MPLINK_PIC18_LT_Branch_3_42\pic18-lt\cxx-framework\src\extended\proc\p18f2680.asm
                     B2D3   0x000e49       data     extern E:\MPASM_MPLINK_PIC18_LT_Branch_3_42\pic18-lt\cxx-framework\src\extended\proc\p18f2680.asm
                 B2D3bits   0x000e49       data     extern E:\MPASM_MPLINK_PIC18_LT_Branch_3_42\pic18-lt\cxx-framework\src\extended\proc\p18f2680.asm
                     B2D4   0x000e4a       data     extern E:\MPASM_MPLINK_PIC18_LT_Branch_3_42\pic18-lt\cxx-framework\src\extended\proc\p18f2680.asm
                 B2D4bits   0x000e4a       data     extern E:\MPASM_MPLINK_PIC18_LT_Branch_3_42\pic18-lt\cxx-framework\src\extended\proc\p18f2680.asm
                     B2D5   0x000e4b       data     extern E:\MPASM_MPLINK_PIC18_LT_Branch_3_42\pic18-lt\cxx-framework\src\extended\proc\p18f2680.asm
                 B2D5bits   0x000e4b       data     extern E:\MPASM_MPLINK_PIC18_LT_Branch_3_42\pic18-lt\cxx-framework\src\extended\proc\p18f2680.asm
                     B2D6   0x000e4c       data     extern E:\MPASM_MPLINK_PIC18_LT_Branch_3_42\pic18-lt\cxx-framework\src\extended\proc\p18f2680.asm
                 B2D6bits   0x000e4c       data     extern E:\MPASM_MPLINK_PIC18_LT_Branch_3_42\pic18-lt\cxx-framework\src\extended\proc\p18f2680.asm
                     B2D7   0x000e4d       data     extern E:\MPASM_MPLINK_PIC18_LT_Branch_3_42\pic18-lt\cxx-framework\src\extended\proc\p18f2680.asm
                 B2D7bits   0x000e4d       data     extern E:\MPASM_MPLINK_PIC18_LT_Branch_3_42\pic18-lt\cxx-framework\src\extended\proc\p18f2680.asm
                    B2DLC   0x000e45       data     extern E:\MPASM_MPLINK_PIC18_LT_Branch_3_42\pic18-lt\cxx-framework\src\extended\proc\p18f2680.asm
                B2DLCbits   0x000e45       data     extern E:\MPASM_MPLINK_PIC18_LT_Branch_3_42\pic18-lt\cxx-framework\src\extended\proc\p18f2680.asm
                   B2EIDH   0x000e43       data     extern E:\MPASM_MPLINK_PIC18_LT_Branch_3_42\pic18-lt\cxx-framework\src\extended\proc\p18f2680.asm
               B2EIDHbits   0x000e43       data     extern E:\MPASM_MPLINK_PIC18_LT_Branch_3_42\pic18-lt\cxx-framework\src\extended\proc\p18f2680.asm
                   B2EIDL   0x000e44       data     extern E:\MPASM_MPLINK_PIC18_LT_Branch_3_42\pic18-lt\cxx-framework\src\extended\proc\p18f2680.asm
               B2EIDLbits   0x000e44       data     extern E:\MPASM_MPLINK_PIC18_LT_Branch_3_42\pic18-lt\cxx-framework\src\extended\proc\p18f2680.asm
                   B2SIDH   0x000e41       data     extern E:\MPASM_MPLINK_PIC18_LT_Branch_3_42\pic18-lt\cxx-framework\src\extended\proc\p18f2680.asm
               B2SIDHbits   0x000e41       data     extern E:\MPASM_MPLINK_PIC18_LT_Branch_3_42\pic18-lt\cxx-framework\src\extended\proc\p18f2680.asm
                   B2SIDL   0x000e42       data     extern E:\MPASM_MPLINK_PIC18_LT_Branch_3_42\pic18-lt\cxx-framework\src\extended\proc\p18f2680.asm
               B2SIDLbits   0x000e42       data     extern E:\MPASM_MPLINK_PIC18_LT_Branch_3_42\pic18-lt\cxx-framework\src\extended\proc\p18f2680.asm
                    B3CON   0x000e50       data     extern E:\MPASM_MPLINK_PIC18_LT_Branch_3_42\pic18-lt\cxx-framework\src\extended\proc\p18f2680.asm
                B3CONbits   0x000e50       data     extern E:\MPASM_MPLINK_PIC18_LT_Branch_3_42\pic18-lt\cxx-framework\src\extended\proc\p18f2680.asm
                     B3D0   0x000e56       data     extern E:\MPASM_MPLINK_PIC18_LT_Branch_3_42\pic18-lt\cxx-framework\src\extended\proc\p18f2680.asm
                 B3D0bits   0x000e56       data     extern E:\MPASM_MPLINK_PIC18_LT_Branch_3_42\pic18-lt\cxx-framework\src\extended\proc\p18f2680.asm
                     B3D1   0x000e57       data     extern E:\MPASM_MPLINK_PIC18_LT_Branch_3_42\pic18-lt\cxx-framework\src\extended\proc\p18f2680.asm
                 B3D1bits   0x000e57       data     extern E:\MPASM_MPLINK_PIC18_LT_Branch_3_42\pic18-lt\cxx-framework\src\extended\proc\p18f2680.asm
                     B3D2   0x000e58       data     extern E:\MPASM_MPLINK_PIC18_LT_Branch_3_42\pic18-lt\cxx-framework\src\extended\proc\p18f2680.asm
                 B3D2bits   0x000e58       data     extern E:\MPASM_MPLINK_PIC18_LT_Branch_3_42\pic18-lt\cxx-framework\src\extended\proc\p18f2680.asm
                     B3D3   0x000e59       data     extern E:\MPASM_MPLINK_PIC18_LT_Branch_3_42\pic18-lt\cxx-framework\src\extended\proc\p18f2680.asm
                 B3D3bits   0x000e59       data     extern E:\MPASM_MPLINK_PIC18_LT_Branch_3_42\pic18-lt\cxx-framework\src\extended\proc\p18f2680.asm
                     B3D4   0x000e5a       data     extern E:\MPASM_MPLINK_PIC18_LT_Branch_3_42\pic18-lt\cxx-framework\src\extended\proc\p18f2680.asm
                 B3D4bits   0x000e5a       data     extern E:\MPASM_MPLINK_PIC18_LT_Branch_3_42\pic18-lt\cxx-framework\src\extended\proc\p18f2680.asm
                     B3D5   0x000e5b       data     extern E:\MPASM_MPLINK_PIC18_LT_Branch_3_42\pic18-lt\cxx-framework\src\extended\proc\p18f2680.asm
                 B3D5bits   0x000e5b       data     extern E:\MPASM_MPLINK_PIC18_LT_Branch_3_42\pic18-lt\cxx-framework\src\extended\proc\p18f2680.asm
                     B3D6   0x000e5c       data     extern E:\MPASM_MPLINK_PIC18_LT_Branch_3_42\pic18-lt\cxx-framework\src\extended\proc\p18f2680.asm
                 B3D6bits   0x000e5c       data     extern E:\MPASM_MPLINK_PIC18_LT_Branch_3_42\pic18-lt\cxx-framework\src\extended\proc\p18f2680.asm
                     B3D7   0x000e5d       data     extern E:\MPASM_MPLINK_PIC18_LT_Branch_3_42\pic18-lt\cxx-framework\src\extended\proc\p18f2680.asm
                 B3D7bits   0x000e5d       data     extern E:\MPASM_MPLINK_PIC18_LT_Branch_3_42\pic18-lt\cxx-framework\src\extended\proc\p18f2680.asm
                    B3DLC   0x000e55       data     extern E:\MPASM_MPLINK_PIC18_LT_Branch_3_42\pic18-lt\cxx-framework\src\extended\proc\p18f2680.asm
                B3DLCbits   0x000e55       data     extern E:\MPASM_MPLINK_PIC18_LT_Branch_3_42\pic18-lt\cxx-framework\src\extended\proc\p18f2680.asm
                   B3EIDH   0x000e53       data     extern E:\MPASM_MPLINK_PIC18_LT_Branch_3_42\pic18-lt\cxx-framework\src\extended\proc\p18f2680.asm
               B3EIDHbits   0x000e53       data     extern E:\MPASM_MPLINK_PIC18_LT_Branch_3_42\pic18-lt\cxx-framework\src\extended\proc\p18f2680.asm
                   B3EIDL   0x000e54       data     extern E:\MPASM_MPLINK_PIC18_LT_Branch_3_42\pic18-lt\cxx-framework\src\extended\proc\p18f2680.asm
               B3EIDLbits   0x000e54       data     extern E:\MPASM_MPLINK_PIC18_LT_Branch_3_42\pic18-lt\cxx-framework\src\extended\proc\p18f2680.asm
                   B3SIDH   0x000e51       data     extern E:\MPASM_MPLINK_PIC18_LT_Branch_3_42\pic18-lt\cxx-framework\src\extended\proc\p18f2680.asm
               B3SIDHbits   0x000e51       data     extern E:\MPASM_MPLINK_PIC18_LT_Branch_3_42\pic18-lt\cxx-framework\src\extended\proc\p18f2680.asm
                   B3SIDL   0x000e52       data     extern E:\MPASM_MPLINK_PIC18_LT_Branch_3_42\pic18-lt\cxx-framework\src\extended\proc\p18f2680.asm
               B3SIDLbits   0x000e52       data     extern E:\MPASM_MPLINK_PIC18_LT_Branch_3_42\pic18-lt\cxx-framework\src\extended\proc\p18f2680.asm
                    B4CON   0x000e60       data     extern E:\MPASM_MPLINK_PIC18_LT_Branch_3_42\pic18-lt\cxx-framework\src\extended\proc\p18f2680.asm
                B4CONbits   0x000e60       data     extern E:\MPASM_MPLINK_PIC18_LT_Branch_3_42\pic18-lt\cxx-framework\src\extended\proc\p18f2680.asm
                     B4D0   0x000e66       data     extern E:\MPASM_MPLINK_PIC18_LT_Branch_3_42\pic18-lt\cxx-framework\src\extended\proc\p18f2680.asm
                 B4D0bits   0x000e66       data     extern E:\MPASM_MPLINK_PIC18_LT_Branch_3_42\pic18-lt\cxx-framework\src\extended\proc\p18f2680.asm
                     B4D1   0x000e67       data     extern E:\MPASM_MPLINK_PIC18_LT_Branch_3_42\pic18-lt\cxx-framework\src\extended\proc\p18f2680.asm
                 B4D1bits   0x000e67       data     extern E:\MPASM_MPLINK_PIC18_LT_Branch_3_42\pic18-lt\cxx-framework\src\extended\proc\p18f2680.asm
                     B4D2   0x000e68       data     extern E:\MPASM_MPLINK_PIC18_LT_Branch_3_42\pic18-lt\cxx-framework\src\extended\proc\p18f2680.asm
                 B4D2bits   0x000e68       data     extern E:\MPASM_MPLINK_PIC18_LT_Branch_3_42\pic18-lt\cxx-framework\src\extended\proc\p18f2680.asm
                     B4D3   0x000e69       data     extern E:\MPASM_MPLINK_PIC18_LT_Branch_3_42\pic18-lt\cxx-framework\src\extended\proc\p18f2680.asm
                 B4D3bits   0x000e69       data     extern E:\MPASM_MPLINK_PIC18_LT_Branch_3_42\pic18-lt\cxx-framework\src\extended\proc\p18f2680.asm
                     B4D4   0x000e6a       data     extern E:\MPASM_MPLINK_PIC18_LT_Branch_3_42\pic18-lt\cxx-framework\src\extended\proc\p18f2680.asm
                 B4D4bits   0x000e6a       data     extern E:\MPASM_MPLINK_PIC18_LT_Branch_3_42\pic18-lt\cxx-framework\src\extended\proc\p18f2680.asm
                     B4D5   0x000e6b       data     extern E:\MPASM_MPLINK_PIC18_LT_Branch_3_42\pic18-lt\cxx-framework\src\extended\proc\p18f2680.asm
                 B4D5bits   0x000e6b       data     extern E:\MPASM_MPLINK_PIC18_LT_Branch_3_42\pic18-lt\cxx-framework\src\extended\proc\p18f2680.asm
                     B4D6   0x000e6c       data     extern E:\MPASM_MPLINK_PIC18_LT_Branch_3_42\pic18-lt\cxx-framework\src\extended\proc\p18f2680.asm
                 B4D6bits   0x000e6c       data     extern E:\MPASM_MPLINK_PIC18_LT_Branch_3_42\pic18-lt\cxx-framework\src\extended\proc\p18f2680.asm
                     B4D7   0x000e6d       data     extern E:\MPASM_MPLINK_PIC18_LT_Branch_3_42\pic18-lt\cxx-framework\src\extended\proc\p18f2680.asm
                 B4D7bits   0x000e6d       data     extern E:\MPASM_MPLINK_PIC18_LT_Branch_3_42\pic18-lt\cxx-framework\src\extended\proc\p18f2680.asm
                    B4DLC   0x000e65       data     extern E:\MPASM_MPLINK_PIC18_LT_Branch_3_42\pic18-lt\cxx-framework\src\extended\proc\p18f2680.asm
                B4DLCbits   0x000e65       data     extern E:\MPASM_MPLINK_PIC18_LT_Branch_3_42\pic18-lt\cxx-framework\src\extended\proc\p18f2680.asm
                   B4EIDH   0x000e63       data     extern E:\MPASM_MPLINK_PIC18_LT_Branch_3_42\pic18-lt\cxx-framework\src\extended\proc\p18f2680.asm
               B4EIDHbits   0x000e63       data     extern E:\MPASM_MPLINK_PIC18_LT_Branch_3_42\pic18-lt\cxx-framework\src\extended\proc\p18f2680.asm
                   B4EIDL   0x000e64       data     extern E:\MPASM_MPLINK_PIC18_LT_Branch_3_42\pic18-lt\cxx-framework\src\extended\proc\p18f2680.asm
               B4EIDLbits   0x000e64       data     extern E:\MPASM_MPLINK_PIC18_LT_Branch_3_42\pic18-lt\cxx-framework\src\extended\proc\p18f2680.asm
                   B4SIDH   0x000e61       data     extern E:\MPASM_MPLINK_PIC18_LT_Branch_3_42\pic18-lt\cxx-framework\src\extended\proc\p18f2680.asm
               B4SIDHbits   0x000e61       data     extern E:\MPASM_MPLINK_PIC18_LT_Branch_3_42\pic18-lt\cxx-framework\src\extended\proc\p18f2680.asm
                   B4SIDL   0x000e62       data     extern E:\MPASM_MPLINK_PIC18_LT_Branch_3_42\pic18-lt\cxx-framework\src\extended\proc\p18f2680.asm
               B4SIDLbits   0x000e62       data     extern E:\MPASM_MPLINK_PIC18_LT_Branch_3_42\pic18-lt\cxx-framework\src\extended\proc\p18f2680.asm
                    B5CON   0x000e70       data     extern E:\MPASM_MPLINK_PIC18_LT_Branch_3_42\pic18-lt\cxx-framework\src\extended\proc\p18f2680.asm
                B5CONbits   0x000e70       data     extern E:\MPASM_MPLINK_PIC18_LT_Branch_3_42\pic18-lt\cxx-framework\src\extended\proc\p18f2680.asm
                     B5D0   0x000e76       data     extern E:\MPASM_MPLINK_PIC18_LT_Branch_3_42\pic18-lt\cxx-framework\src\extended\proc\p18f2680.asm
                 B5D0bits   0x000e76       data     extern E:\MPASM_MPLINK_PIC18_LT_Branch_3_42\pic18-lt\cxx-framework\src\extended\proc\p18f2680.asm
                     B5D1   0x000e77       data     extern E:\MPASM_MPLINK_PIC18_LT_Branch_3_42\pic18-lt\cxx-framework\src\extended\proc\p18f2680.asm
                 B5D1bits   0x000e77       data     extern E:\MPASM_MPLINK_PIC18_LT_Branch_3_42\pic18-lt\cxx-framework\src\extended\proc\p18f2680.asm
                     B5D2   0x000e78       data     extern E:\MPASM_MPLINK_PIC18_LT_Branch_3_42\pic18-lt\cxx-framework\src\extended\proc\p18f2680.asm
                 B5D2bits   0x000e78       data     extern E:\MPASM_MPLINK_PIC18_LT_Branch_3_42\pic18-lt\cxx-framework\src\extended\proc\p18f2680.asm
                     B5D3   0x000e79       data     extern E:\MPASM_MPLINK_PIC18_LT_Branch_3_42\pic18-lt\cxx-framework\src\extended\proc\p18f2680.asm
                 B5D3bits   0x000e79       data     extern E:\MPASM_MPLINK_PIC18_LT_Branch_3_42\pic18-lt\cxx-framework\src\extended\proc\p18f2680.asm
                     B5D4   0x000e7a       data     extern E:\MPASM_MPLINK_PIC18_LT_Branch_3_42\pic18-lt\cxx-framework\src\extended\proc\p18f2680.asm
                 B5D4bits   0x000e7a       data     extern E:\MPASM_MPLINK_PIC18_LT_Branch_3_42\pic18-lt\cxx-framework\src\extended\proc\p18f2680.asm
                     B5D5   0x000e7b       data     extern E:\MPASM_MPLINK_PIC18_LT_Branch_3_42\pic18-lt\cxx-framework\src\extended\proc\p18f2680.asm
                 B5D5bits   0x000e7b       data     extern E:\MPASM_MPLINK_PIC18_LT_Branch_3_42\pic18-lt\cxx-framework\src\extended\proc\p18f2680.asm
                     B5D6   0x000e7c       data     extern E:\MPASM_MPLINK_PIC18_LT_Branch_3_42\pic18-lt\cxx-framework\src\extended\proc\p18f2680.asm
                 B5D6bits   0x000e7c       data     extern E:\MPASM_MPLINK_PIC18_LT_Branch_3_42\pic18-lt\cxx-framework\src\extended\proc\p18f2680.asm
                     B5D7   0x000e7d       data     extern E:\MPASM_MPLINK_PIC18_LT_Branch_3_42\pic18-lt\cxx-framework\src\extended\proc\p18f2680.asm
                 B5D7bits   0x000e7d       data     extern E:\MPASM_MPLINK_PIC18_LT_Branch_3_42\pic18-lt\cxx-framework\src\extended\proc\p18f2680.asm
                    B5DLC   0x000e75       data     extern E:\MPASM_MPLINK_PIC18_LT_Branch_3_42\pic18-lt\cxx-framework\src\extended\proc\p18f2680.asm
                B5DLCbits   0x000e75       data     extern E:\MPASM_MPLINK_PIC18_LT_Branch_3_42\pic18-lt\cxx-framework\src\extended\proc\p18f2680.asm
                   B5EIDH   0x000e73       data     extern E:\MPASM_MPLINK_PIC18_LT_Branch_3_42\pic18-lt\cxx-framework\src\extended\proc\p18f2680.asm
               B5EIDHbits   0x000e73       data     extern E:\MPASM_MPLINK_PIC18_LT_Branch_3_42\pic18-lt\cxx-framework\src\extended\proc\p18f2680.asm
                   B5EIDL   0x000e74       data     extern E:\MPASM_MPLINK_PIC18_LT_Branch_3_42\pic18-lt\cxx-framework\src\extended\proc\p18f2680.asm
               B5EIDLbits   0x000e74       data     extern E:\MPASM_MPLINK_PIC18_LT_Branch_3_42\pic18-lt\cxx-framework\src\extended\proc\p18f2680.asm
                   B5SIDH   0x000e71       data     extern E:\MPASM_MPLINK_PIC18_LT_Branch_3_42\pic18-lt\cxx-framework\src\extended\proc\p18f2680.asm
               B5SIDHbits   0x000e71       data     extern E:\MPASM_MPLINK_PIC18_LT_Branch_3_42\pic18-lt\cxx-framework\src\extended\proc\p18f2680.asm
                   B5SIDL   0x000e72       data     extern E:\MPASM_MPLINK_PIC18_LT_Branch_3_42\pic18-lt\cxx-framework\src\extended\proc\p18f2680.asm
               B5SIDLbits   0x000e72       data     extern E:\MPASM_MPLINK_PIC18_LT_Branch_3_42\pic18-lt\cxx-framework\src\extended\proc\p18f2680.asm
                  BAUDCON   0x000fb8       data     extern E:\MPASM_MPLINK_PIC18_LT_Branch_3_42\pic18-lt\cxx-framework\src\extended\proc\p18f2680.asm
              BAUDCONbits   0x000fb8       data     extern E:\MPASM_MPLINK_PIC18_LT_Branch_3_42\pic18-lt\cxx-framework\src\extended\proc\p18f2680.asm
                  BAUDCTL   0x000fb8       data     extern E:\MPASM_MPLINK_PIC18_LT_Branch_3_42\pic18-lt\cxx-framework\src\extended\proc\p18f2680.asm
              BAUDCTLbits   0x000fb8       data     extern E:\MPASM_MPLINK_PIC18_LT_Branch_3_42\pic18-lt\cxx-framework\src\extended\proc\p18f2680.asm
                     BIE0   0x000dfa       data     extern E:\MPASM_MPLINK_PIC18_LT_Branch_3_42\pic18-lt\cxx-framework\src\extended\proc\p18f2680.asm
                 BIE0bits   0x000dfa       data     extern E:\MPASM_MPLINK_PIC18_LT_Branch_3_42\pic18-lt\cxx-framework\src\extended\proc\p18f2680.asm
                  BRGCON1   0x000f70       data     extern E:\MPASM_MPLINK_PIC18_LT_Branch_3_42\pic18-lt\cxx-framework\src\extended\proc\p18f2680.asm
              BRGCON1bits   0x000f70       data     extern E:\MPASM_MPLINK_PIC18_LT_Branch_3_42\pic18-lt\cxx-framework\src\extended\proc\p18f2680.asm
                  BRGCON2   0x000f71       data     extern E:\MPASM_MPLINK_PIC18_LT_Branch_3_42\pic18-lt\cxx-framework\src\extended\proc\p18f2680.asm
              BRGCON2bits   0x000f71       data     extern E:\MPASM_MPLINK_PIC18_LT_Branch_3_42\pic18-lt\cxx-framework\src\extended\proc\p18f2680.asm
                  BRGCON3   0x000f72       data     extern E:\MPASM_MPLINK_PIC18_LT_Branch_3_42\pic18-lt\cxx-framework\src\extended\proc\p18f2680.asm
              BRGCON3bits   0x000f72       data     extern E:\MPASM_MPLINK_PIC18_LT_Branch_3_42\pic18-lt\cxx-framework\src\extended\proc\p18f2680.asm
                    BSEL0   0x000df8       data     extern E:\MPASM_MPLINK_PIC18_LT_Branch_3_42\pic18-lt\cxx-framework\src\extended\proc\p18f2680.asm
                BSEL0bits   0x000df8       data     extern E:\MPASM_MPLINK_PIC18_LT_Branch_3_42\pic18-lt\cxx-framework\src\extended\proc\p18f2680.asm
                      BSR   0x000fe0       data     extern E:\MPASM_MPLINK_PIC18_LT_Branch_3_42\pic18-lt\cxx-framework\src\extended\proc\p18f2680.asm
                   CANCON   0x000f6f       data     extern E:\MPASM_MPLINK_PIC18_LT_Branch_3_42\pic18-lt\cxx-framework\src\extended\proc\p18f2680.asm
               CANCON_RO0   0x000f5f       data     extern E:\MPASM_MPLINK_PIC18_LT_Branch_3_42\pic18-lt\cxx-framework\src\extended\proc\p18f2680.asm
           CANCON_RO0bits   0x000f5f       data     extern E:\MPASM_MPLINK_PIC18_LT_Branch_3_42\pic18-lt\cxx-framework\src\extended\proc\p18f2680.asm
               CANCON_RO1   0x000f4f       data     extern E:\MPASM_MPLINK_PIC18_LT_Branch_3_42\pic18-lt\cxx-framework\src\extended\proc\p18f2680.asm
           CANCON_RO1bits   0x000f4f       data     extern E:\MPASM_MPLINK_PIC18_LT_Branch_3_42\pic18-lt\cxx-framework\src\extended\proc\p18f2680.asm
               CANCON_RO2   0x000f3f       data     extern E:\MPASM_MPLINK_PIC18_LT_Branch_3_42\pic18-lt\cxx-framework\src\extended\proc\p18f2680.asm
           CANCON_RO2bits   0x000f3f       data     extern E:\MPASM_MPLINK_PIC18_LT_Branch_3_42\pic18-lt\cxx-framework\src\extended\proc\p18f2680.asm
               CANCON_RO3   0x000f2f       data     extern E:\MPASM_MPLINK_PIC18_LT_Branch_3_42\pic18-lt\cxx-framework\src\extended\proc\p18f2680.asm
           CANCON_RO3bits   0x000f2f       data     extern E:\MPASM_MPLINK_PIC18_LT_Branch_3_42\pic18-lt\cxx-framework\src\extended\proc\p18f2680.asm
               CANCON_RO4   0x000e7f       data     extern E:\MPASM_MPLINK_PIC18_LT_Branch_3_42\pic18-lt\cxx-framework\src\extended\proc\p18f2680.asm
           CANCON_RO4bits   0x000e7f       data     extern E:\MPASM_MPLINK_PIC18_LT_Branch_3_42\pic18-lt\cxx-framework\src\extended\proc\p18f2680.asm
               CANCON_RO5   0x000e6f       data     extern E:\MPASM_MPLINK_PIC18_LT_Branch_3_42\pic18-lt\cxx-framework\src\extended\proc\p18f2680.asm
           CANCON_RO5bits   0x000e6f       data     extern E:\MPASM_MPLINK_PIC18_LT_Branch_3_42\pic18-lt\cxx-framework\src\extended\proc\p18f2680.asm
               CANCON_RO6   0x000e5f       data     extern E:\MPASM_MPLINK_PIC18_LT_Branch_3_42\pic18-lt\cxx-framework\src\extended\proc\p18f2680.asm
           CANCON_RO6bits   0x000e5f       data     extern E:\MPASM_MPLINK_PIC18_LT_Branch_3_42\pic18-lt\cxx-framework\src\extended\proc\p18f2680.asm
               CANCON_RO7   0x000e4f       data     extern E:\MPASM_MPLINK_PIC18_LT_Branch_3_42\pic18-lt\cxx-framework\src\extended\proc\p18f2680.asm
           CANCON_RO7bits   0x000e4f       data     extern E:\MPASM_MPLINK_PIC18_LT_Branch_3_42\pic18-lt\cxx-framework\src\extended\proc\p18f2680.asm
               CANCON_RO8   0x000e3f       data     extern E:\MPASM_MPLINK_PIC18_LT_Branch_3_42\pic18-lt\cxx-framework\src\extended\proc\p18f2680.asm
           CANCON_RO8bits   0x000e3f       data     extern E:\MPASM_MPLINK_PIC18_LT_Branch_3_42\pic18-lt\cxx-framework\src\extended\proc\p18f2680.asm
               CANCON_RO9   0x000e2f       data     extern E:\MPASM_MPLINK_PIC18_LT_Branch_3_42\pic18-lt\cxx-framework\src\extended\proc\p18f2680.asm
           CANCON_RO9bits   0x000e2f       data     extern E:\MPASM_MPLINK_PIC18_LT_Branch_3_42\pic18-lt\cxx-framework\src\extended\proc\p18f2680.asm
               CANCONbits   0x000f6f       data     extern E:\MPASM_MPLINK_PIC18_LT_Branch_3_42\pic18-lt\cxx-framework\src\extended\proc\p18f2680.asm
                  CANSTAT   0x000f6e       data     extern E:\MPASM_MPLINK_PIC18_LT_Branch_3_42\pic18-lt\cxx-framework\src\extended\proc\p18f2680.asm
              CANSTAT_RO0   0x000f5e       data     extern E:\MPASM_MPLINK_PIC18_LT_Branch_3_42\pic18-lt\cxx-framework\src\extended\proc\p18f2680.asm
          CANSTAT_RO0bits   0x000f5e       data     extern E:\MPASM_MPLINK_PIC18_LT_Branch_3_42\pic18-lt\cxx-framework\src\extended\proc\p18f2680.asm
              CANSTAT_RO1   0x000f4e       data     extern E:\MPASM_MPLINK_PIC18_LT_Branch_3_42\pic18-lt\cxx-framework\src\extended\proc\p18f2680.asm
          CANSTAT_RO1bits   0x000f4e       data     extern E:\MPASM_MPLINK_PIC18_LT_Branch_3_42\pic18-lt\cxx-framework\src\extended\proc\p18f2680.asm
              CANSTAT_RO2   0x000f3e       data     extern E:\MPASM_MPLINK_PIC18_LT_Branch_3_42\pic18-lt\cxx-framework\src\extended\proc\p18f2680.asm
          CANSTAT_RO2bits   0x000f3e       data     extern E:\MPASM_MPLINK_PIC18_LT_Branch_3_42\pic18-lt\cxx-framework\src\extended\proc\p18f2680.asm
              CANSTAT_RO3   0x000f2e       data     extern E:\MPASM_MPLINK_PIC18_LT_Branch_3_42\pic18-lt\cxx-framework\src\extended\proc\p18f2680.asm
          CANSTAT_RO3bits   0x000f2e       data     extern E:\MPASM_MPLINK_PIC18_LT_Branch_3_42\pic18-lt\cxx-framework\src\extended\proc\p18f2680.asm
              CANSTAT_RO4   0x000e7e       data     extern E:\MPASM_MPLINK_PIC18_LT_Branch_3_42\pic18-lt\cxx-framework\src\extended\proc\p18f2680.asm
          CANSTAT_RO4bits   0x000e7e       data     extern E:\MPASM_MPLINK_PIC18_LT_Branch_3_42\pic18-lt\cxx-framework\src\extended\proc\p18f2680.asm
              CANSTAT_RO5   0x000e6e       data     extern E:\MPASM_MPLINK_PIC18_LT_Branch_3_42\pic18-lt\cxx-framework\src\extended\proc\p18f2680.asm
          CANSTAT_RO5bits   0x000e6e       data     extern E:\MPASM_MPLINK_PIC18_LT_Branch_3_42\pic18-lt\cxx-framework\src\extended\proc\p18f2680.asm
              CANSTAT_RO6   0x000e5e       data     extern E:\MPASM_MPLINK_PIC18_LT_Branch_3_42\pic18-lt\cxx-framework\src\extended\proc\p18f2680.asm
          CANSTAT_RO6bits   0x000e5e       data     extern E:\MPASM_MPLINK_PIC18_LT_Branch_3_42\pic18-lt\cxx-framework\src\extended\proc\p18f2680.asm
              CANSTAT_RO7   0x000e4e       data     extern E:\MPASM_MPLINK_PIC18_LT_Branch_3_42\pic18-lt\cxx-framework\src\extended\proc\p18f2680.asm
          CANSTAT_RO7bits   0x000e4e       data     extern E:\MPASM_MPLINK_PIC18_LT_Branch_3_42\pic18-lt\cxx-framework\src\extended\proc\p18f2680.asm
              CANSTAT_RO8   0x000e3e       data     extern E:\MPASM_MPLINK_PIC18_LT_Branch_3_42\pic18-lt\cxx-framework\src\extended\proc\p18f2680.asm
          CANSTAT_RO8bits   0x000e3e       data     extern E:\MPASM_MPLINK_PIC18_LT_Branch_3_42\pic18-lt\cxx-framework\src\extended\proc\p18f2680.asm
              CANSTAT_RO9   0x000e2e       data     extern E:\MPASM_MPLINK_PIC18_LT_Branch_3_42\pic18-lt\cxx-framework\src\extended\proc\p18f2680.asm
          CANSTAT_RO9bits   0x000e2e       data     extern E:\MPASM_MPLINK_PIC18_LT_Branch_3_42\pic18-lt\cxx-framework\src\extended\proc\p18f2680.asm
              CANSTATbits   0x000f6e       data     extern E:\MPASM_MPLINK_PIC18_LT_Branch_3_42\pic18-lt\cxx-framework\src\extended\proc\p18f2680.asm
                  CCP1CON   0x000fbd       data     extern E:\MPASM_MPLINK_PIC18_LT_Branch_3_42\pic18-lt\cxx-framework\src\extended\proc\p18f2680.asm
              CCP1CONbits   0x000fbd       data     extern E:\MPASM_MPLINK_PIC18_LT_Branch_3_42\pic18-lt\cxx-framework\src\extended\proc\p18f2680.asm
                    CCPR1   0x000fbe       data     extern E:\MPASM_MPLINK_PIC18_LT_Branch_3_42\pic18-lt\cxx-framework\src\extended\proc\p18f2680.asm
                   CCPR1H   0x000fbf       data     extern E:\MPASM_MPLINK_PIC18_LT_Branch_3_42\pic18-lt\cxx-framework\src\extended\proc\p18f2680.asm
                   CCPR1L   0x000fbe       data     extern E:\MPASM_MPLINK_PIC18_LT_Branch_3_42\pic18-lt\cxx-framework\src\extended\proc\p18f2680.asm
                   CIOCON   0x000f73       data     extern E:\MPASM_MPLINK_PIC18_LT_Branch_3_42\pic18-lt\cxx-framework\src\extended\proc\p18f2680.asm
               CIOCONbits   0x000f73       data     extern E:\MPASM_MPLINK_PIC18_LT_Branch_3_42\pic18-lt\cxx-framework\src\extended\proc\p18f2680.asm
                  COMSTAT   0x000f74       data     extern E:\MPASM_MPLINK_PIC18_LT_Branch_3_42\pic18-lt\cxx-framework\src\extended\proc\p18f2680.asm
              COMSTATbits   0x000f74       data     extern E:\MPASM_MPLINK_PIC18_LT_Branch_3_42\pic18-lt\cxx-framework\src\extended\proc\p18f2680.asm
                     DDRA   0x000f92       data     extern E:\MPASM_MPLINK_PIC18_LT_Branch_3_42\pic18-lt\cxx-framework\src\extended\proc\p18f2680.asm
                 DDRAbits   0x000f92       data     extern E:\MPASM_MPLINK_PIC18_LT_Branch_3_42\pic18-lt\cxx-framework\src\extended\proc\p18f2680.asm
                     DDRB   0x000f93       data     extern E:\MPASM_MPLINK_PIC18_LT_Branch_3_42\pic18-lt\cxx-framework\src\extended\proc\p18f2680.asm
                 DDRBbits   0x000f93       data     extern E:\MPASM_MPLINK_PIC18_LT_Branch_3_42\pic18-lt\cxx-framework\src\extended\proc\p18f2680.asm
                     DDRC   0x000f94       data     extern E:\MPASM_MPLINK_PIC18_LT_Branch_3_42\pic18-lt\cxx-framework\src\extended\proc\p18f2680.asm
                 DDRCbits   0x000f94       data     extern E:\MPASM_MPLINK_PIC18_LT_Branch_3_42\pic18-lt\cxx-framework\src\extended\proc\p18f2680.asm
            DelayCounter1   0x000173       data     extern E:\MPASM_MPLINK_PIC18_LT_Branch_3_42\pic18-lt\cxx-framework\src\extended\delays\delayd1.asm
            DelayCounter2   0x000172       data     extern E:\MPASM_MPLINK_PIC18_LT_Branch_3_42\pic18-lt\cxx-framework\src\extended\delays\delayd2.asm
                  ECANCON   0x000f77       data     extern E:\MPASM_MPLINK_PIC18_LT_Branch_3_42\pic18-lt\cxx-framework\src\extended\proc\p18f2680.asm
              ECANCONbits   0x000f77       data     extern E:\MPASM_MPLINK_PIC18_LT_Branch_3_42\pic18-lt\cxx-framework\src\extended\proc\p18f2680.asm
                  ECCP1AS   0x000fb6       data     extern E:\MPASM_MPLINK_PIC18_LT_Branch_3_42\pic18-lt\cxx-framework\src\extended\proc\p18f2680.asm
              ECCP1ASbits   0x000fb6       data     extern E:\MPASM_MPLINK_PIC18_LT_Branch_3_42\pic18-lt\cxx-framework\src\extended\proc\p18f2680.asm
                 ECCP1DEL   0x000fb7       data     extern E:\MPASM_MPLINK_PIC18_LT_Branch_3_42\pic18-lt\cxx-framework\src\extended\proc\p18f2680.asm
             ECCP1DELbits   0x000fb7       data     extern E:\MPASM_MPLINK_PIC18_LT_Branch_3_42\pic18-lt\cxx-framework\src\extended\proc\p18f2680.asm
                    EEADR   0x000fa9       data     extern E:\MPASM_MPLINK_PIC18_LT_Branch_3_42\pic18-lt\cxx-framework\src\extended\proc\p18f2680.asm
                   EEADRH   0x000faa       data     extern E:\MPASM_MPLINK_PIC18_LT_Branch_3_42\pic18-lt\cxx-framework\src\extended\proc\p18f2680.asm
                   EECON1   0x000fa6       data     extern E:\MPASM_MPLINK_PIC18_LT_Branch_3_42\pic18-lt\cxx-framework\src\extended\proc\p18f2680.asm
               EECON1bits   0x000fa6       data     extern E:\MPASM_MPLINK_PIC18_LT_Branch_3_42\pic18-lt\cxx-framework\src\extended\proc\p18f2680.asm
                   EECON2   0x000fa7       data     extern E:\MPASM_MPLINK_PIC18_LT_Branch_3_42\pic18-lt\cxx-framework\src\extended\proc\p18f2680.asm
                   EEDATA   0x000fa8       data     extern E:\MPASM_MPLINK_PIC18_LT_Branch_3_42\pic18-lt\cxx-framework\src\extended\proc\p18f2680.asm
                     FSR0   0x000fe9       data     extern E:\MPASM_MPLINK_PIC18_LT_Branch_3_42\pic18-lt\cxx-framework\src\extended\proc\p18f2680.asm
                    FSR0H   0x000fea       data     extern E:\MPASM_MPLINK_PIC18_LT_Branch_3_42\pic18-lt\cxx-framework\src\extended\proc\p18f2680.asm
                    FSR0L   0x000fe9       data     extern E:\MPASM_MPLINK_PIC18_LT_Branch_3_42\pic18-lt\cxx-framework\src\extended\proc\p18f2680.asm
                     FSR1   0x000fe1       data     extern E:\MPASM_MPLINK_PIC18_LT_Branch_3_42\pic18-lt\cxx-framework\src\extended\proc\p18f2680.asm
                    FSR1H   0x000fe2       data     extern E:\MPASM_MPLINK_PIC18_LT_Branch_3_42\pic18-lt\cxx-framework\src\extended\proc\p18f2680.asm
                    FSR1L   0x000fe1       data     extern E:\MPASM_MPLINK_PIC18_LT_Branch_3_42\pic18-lt\cxx-framework\src\extended\proc\p18f2680.asm
                     FSR2   0x000fd9       data     extern E:\MPASM_MPLINK_PIC18_LT_Branch_3_42\pic18-lt\cxx-framework\src\extended\proc\p18f2680.asm
                    FSR2H   0x000fda       data     extern E:\MPASM_MPLINK_PIC18_LT_Branch_3_42\pic18-lt\cxx-framework\src\extended\proc\p18f2680.asm
[...]
                     PIE2   0x000fa0       data     extern E:\MPASM_MPLINK_PIC18_LT_Branch_3_42\pic18-lt\cxx-framework\src\extended\proc\p18f2680.asm
                     PIR2   0x000fa1       data     extern E:\MPASM_MPLINK_PIC18_LT_Branch_3_42\pic18-lt\cxx-framework\src\extended\proc\p18f2680.asm
                 PIR2bits   0x000fa1       data     extern E:\MPASM_MPLINK_PIC18_LT_Branch_3_42\pic18-lt\cxx-framework\src\extended\proc\p18f2680.asm
                 IPR2bits   0x000fa2       data     extern E:\MPASM_MPLINK_PIC18_LT_Branch_3_42\pic18-lt\cxx-framework\src\extended\proc\p18f2680.asm
                     IPR2   0x000fa2       data     extern E:\MPASM_MPLINK_PIC18_LT_Branch_3_42\pic18-lt\cxx-framework\src\extended\proc\p18f2680.asm
                     PIE3   0x000fa3       data     extern E:\MPASM_MPLINK_PIC18_LT_Branch_3_42\pic18-lt\cxx-framework\src\extended\proc\p18f2680.asm
                 PIE3bits   0x000fa3       data     extern E:\MPASM_MPLINK_PIC18_LT_Branch_3_42\pic18-lt\cxx-framework\src\extended\proc\p18f2680.asm
                     PIR3   0x000fa4       data     extern E:\MPASM_MPLINK_PIC18_LT_Branch_3_42\pic18-lt\cxx-framework\src\extended\proc\p18f2680.asm
                 PIR3bits   0x000fa4       data     extern E:\MPASM_MPLINK_PIC18_LT_Branch_3_42\pic18-lt\cxx-framework\src\extended\proc\p18f2680.asm
                 IPR3bits   0x000fa5       data     extern E:\MPASM_MPLINK_PIC18_LT_Branch_3_42\pic18-lt\cxx-framework\src\extended\proc\p18f2680.asm
                     IPR3   0x000fa5       data     extern E:\MPASM_MPLINK_PIC18_LT_Branch_3_42\pic18-lt\cxx-framework\src\extended\proc\p18f2680.asm
                   EECON1   0x000fa6       data     extern E:\MPASM_MPLINK_PIC18_LT_Branch_3_42\pic18-lt\cxx-framework\src\extended\proc\p18f2680.asm
               EECON1bits   0x000fa6       data     extern E:\MPASM_MPLINK_PIC18_LT_Branch_3_42\pic18-lt\cxx-framework\src\extended\proc\p18f2680.asm
                   EECON2   0x000fa7       data     extern E:\MPASM_MPLINK_PIC18_LT_Branch_3_42\pic18-lt\cxx-framework\src\extended\proc\p18f2680.asm
                   EEDATA   0x000fa8       data     extern E:\MPASM_MPLINK_PIC18_LT_Branch_3_42\pic18-lt\cxx-framework\src\extended\proc\p18f2680.asm
                    EEADR   0x000fa9       data     extern E:\MPASM_MPLINK_PIC18_LT_Branch_3_42\pic18-lt\cxx-framework\src\extended\proc\p18f2680.asm
                   EEADRH   0x000faa       data     extern E:\MPASM_MPLINK_PIC18_LT_Branch_3_42\pic18-lt\cxx-framework\src\extended\proc\p18f2680.asm
                    RCSTA   0x000fab       data     extern E:\MPASM_MPLINK_PIC18_LT_Branch_3_42\pic18-lt\cxx-framework\src\extended\proc\p18f2680.asm
                RCSTAbits   0x000fab       data     extern E:\MPASM_MPLINK_PIC18_LT_Branch_3_42\pic18-lt\cxx-framework\src\extended\proc\p18f2680.asm
                TXSTAbits   0x000fac       data     extern E:\MPASM_MPLINK_PIC18_LT_Branch_3_42\pic18-lt\cxx-framework\src\extended\proc\p18f2680.asm
                    TXSTA   0x000fac       data     extern E:\MPASM_MPLINK_PIC18_LT_Branch_3_42\pic18-lt\cxx-framework\src\extended\proc\p18f2680.asm
                    TXREG   0x000fad       data     extern E:\MPASM_MPLINK_PIC18_LT_Branch_3_42\pic18-lt\cxx-framework\src\extended\proc\p18f2680.asm
                    RCREG   0x000fae       data     extern E:\MPASM_MPLINK_PIC18_LT_Branch_3_42\pic18-lt\cxx-framework\src\extended\proc\p18f2680.asm
                    SPBRG   0x000faf       data     extern E:\MPASM_MPLINK_PIC18_LT_Branch_3_42\pic18-lt\cxx-framework\src\extended\proc\p18f2680.asm
                   SPBRGH   0x000fb0       data     extern E:\MPASM_MPLINK_PIC18_LT_Branch_3_42\pic18-lt\cxx-framework\src\extended\proc\p18f2680.asm
                    T3CON   0x000fb1       data     extern E:\MPASM_MPLINK_PIC18_LT_Branch_3_42\pic18-lt\cxx-framework\src\extended\proc\p18f2680.asm
                T3CONbits   0x000fb1       data     extern E:\MPASM_MPLINK_PIC18_LT_Branch_3_42\pic18-lt\cxx-framework\src\extended\proc\p18f2680.asm
                    TMR3L   0x000fb2       data     extern E:\MPASM_MPLINK_PIC18_LT_Branch_3_42\pic18-lt\cxx-framework\src\extended\proc\p18f2680.asm
                    TMR3H   0x000fb3       data     extern E:\MPASM_MPLINK_PIC18_LT_Branch_3_42\pic18-lt\cxx-framework\src\extended\proc\p18f2680.asm
                  ECCP1AS   0x000fb6       data     extern E:\MPASM_MPLINK_PIC18_LT_Branch_3_42\pic18-lt\cxx-framework\src\extended\proc\p18f2680.asm
              ECCP1ASbits   0x000fb6       data     extern E:\MPASM_MPLINK_PIC18_LT_Branch_3_42\pic18-lt\cxx-framework\src\extended\proc\p18f2680.asm
                 ECCP1DEL   0x000fb7       data     extern E:\MPASM_MPLINK_PIC18_LT_Branch_3_42\pic18-lt\cxx-framework\src\extended\proc\p18f2680.asm
             ECCP1DELbits   0x000fb7       data     extern E:\MPASM_MPLINK_PIC18_LT_Branch_3_42\pic18-lt\cxx-framework\src\extended\proc\p18f2680.asm
              BAUDCTLbits   0x000fb8       data     extern E:\MPASM_MPLINK_PIC18_LT_Branch_3_42\pic18-lt\cxx-framework\src\extended\proc\p18f2680.asm
                  BAUDCTL   0x000fb8       data     extern E:\MPASM_MPLINK_PIC18_LT_Branch_3_42\pic18-lt\cxx-framework\src\extended\proc\p18f2680.asm
              BAUDCONbits   0x000fb8       data     extern E:\MPASM_MPLINK_PIC18_LT_Branch_3_42\pic18-lt\cxx-framework\src\extended\proc\p18f2680.asm
                  BAUDCON   0x000fb8       data     extern E:\MPASM_MPLINK_PIC18_LT_Branch_3_42\pic18-lt\cxx-framework\src\extended\proc\p18f2680.asm
              CCP1CONbits   0x000fbd       data     extern E:\MPASM_MPLINK_PIC18_LT_Branch_3_42\pic18-lt\cxx-framework\src\extended\proc\p18f2680.asm
                  CCP1CON   0x000fbd       data     extern E:\MPASM_MPLINK_PIC18_LT_Branch_3_42\pic18-lt\cxx-framework\src\extended\proc\p18f2680.asm
                   CCPR1L   0x000fbe       data     extern E:\MPASM_MPLINK_PIC18_LT_Branch_3_42\pic18-lt\cxx-framework\src\extended\proc\p18f2680.asm
                    CCPR1   0x000fbe       data     extern E:\MPASM_MPLINK_PIC18_LT_Branch_3_42\pic18-lt\cxx-framework\src\extended\proc\p18f2680.asm
                   CCPR1H   0x000fbf       data     extern E:\MPASM_MPLINK_PIC18_LT_Branch_3_42\pic18-lt\cxx-framework\src\extended\proc\p18f2680.asm
                   ADCON2   0x000fc0       data     extern E:\MPASM_MPLINK_PIC18_LT_Branch_3_42\pic18-lt\cxx-framework\src\extended\proc\p18f2680.asm
               ADCON2bits   0x000fc0       data     extern E:\MPASM_MPLINK_PIC18_LT_Branch_3_42\pic18-lt\cxx-framework\src\extended\proc\p18f2680.asm
                   ADCON1   0x000fc1       data     extern E:\MPASM_MPLINK_PIC18_LT_Branch_3_42\pic18-lt\cxx-framework\src\extended\proc\p18f2680.asm
               ADCON1bits   0x000fc1       data     extern E:\MPASM_MPLINK_PIC18_LT_Branch_3_42\pic18-lt\cxx-framework\src\extended\proc\p18f2680.asm
                   ADCON0   0x000fc2       data     extern E:\MPASM_MPLINK_PIC18_LT_Branch_3_42\pic18-lt\cxx-framework\src\extended\proc\p18f2680.asm
               ADCON0bits   0x000fc2       data     extern E:\MPASM_MPLINK_PIC18_LT_Branch_3_42\pic18-lt\cxx-framework\src\extended\proc\p18f2680.asm
                    ADRES   0x000fc3       data     extern E:\MPASM_MPLINK_PIC18_LT_Branch_3_42\pic18-lt\cxx-framework\src\extended\proc\p18f2680.asm
                   ADRESL   0x000fc3       data     extern E:\MPASM_MPLINK_PIC18_LT_Branch_3_42\pic18-lt\cxx-framework\src\extended\proc\p18f2680.asm
                   ADRESH   0x000fc4       data     extern E:\MPASM_MPLINK_PIC18_LT_Branch_3_42\pic18-lt\cxx-framework\src\extended\proc\p18f2680.asm
                  SSPCON2   0x000fc5       data     extern E:\MPASM_MPLINK_PIC18_LT_Branch_3_42\pic18-lt\cxx-framework\src\extended\proc\p18f2680.asm
              SSPCON2bits   0x000fc5       data     extern E:\MPASM_MPLINK_PIC18_LT_Branch_3_42\pic18-lt\cxx-framework\src\extended\proc\p18f2680.asm
                  SSPCON1   0x000fc6       data     extern E:\MPASM_MPLINK_PIC18_LT_Branch_3_42\pic18-lt\cxx-framework\src\extended\proc\p18f2680.asm
              SSPCON1bits   0x000fc6       data     extern E:\MPASM_MPLINK_PIC18_LT_Branch_3_42\pic18-lt\cxx-framework\src\extended\proc\p18f2680.asm
                  SSPSTAT   0x000fc7       data     extern E:\MPASM_MPLINK_PIC18_LT_Branch_3_42\pic18-lt\cxx-framework\src\extended\proc\p18f2680.asm
              SSPSTATbits   0x000fc7       data     extern E:\MPASM_MPLINK_PIC18_LT_Branch_3_42\pic18-lt\cxx-framework\src\extended\proc\p18f2680.asm
                   SSPADD   0x000fc8       data     extern E:\MPASM_MPLINK_PIC18_LT_Branch_3_42\pic18-lt\cxx-framework\src\extended\proc\p18f2680.asm
                   SSPBUF   0x000fc9       data     extern E:\MPASM_MPLINK_PIC18_LT_Branch_3_42\pic18-lt\cxx-framework\src\extended\proc\p18f2680.asm
                T2CONbits   0x000fca       data     extern E:\MPASM_MPLINK_PIC18_LT_Branch_3_42\pic18-lt\cxx-framework\src\extended\proc\p18f2680.asm
                    T2CON   0x000fca       data     extern E:\MPASM_MPLINK_PIC18_LT_Branch_3_42\pic18-lt\cxx-framework\src\extended\proc\p18f2680.asm
                      PR2   0x000fcb       data     extern E:\MPASM_MPLINK_PIC18_LT_Branch_3_42\pic18-lt\cxx-framework\src\extended\proc\p18f2680.asm
                     TMR2   0x000fcc       data     extern E:\MPASM_MPLINK_PIC18_LT_Branch_3_42\pic18-lt\cxx-framework\src\extended\proc\p18f2680.asm
                T1CONbits   0x000fcd       data     extern E:\MPASM_MPLINK_PIC18_LT_Branch_3_42\pic18-lt\cxx-framework\src\extended\proc\p18f2680.asm
                    T1CON   0x000fcd       data     extern E:\MPASM_MPLINK_PIC18_LT_Branch_3_42\pic18-lt\cxx-framework\src\extended\proc\p18f2680.asm
                    TMR1L   0x000fce       data     extern E:\MPASM_MPLINK_PIC18_LT_Branch_3_42\pic18-lt\cxx-framework\src\extended\proc\p18f2680.asm
                    TMR1H   0x000fcf       data     extern E:\MPASM_MPLINK_PIC18_LT_Branch_3_42\pic18-lt\cxx-framework\src\extended\proc\p18f2680.asm
                 RCONbits   0x000fd0       data     extern E:\MPASM_MPLINK_PIC18_LT_Branch_3_42\pic18-lt\cxx-framework\src\extended\proc\p18f2680.asm
                     RCON   0x000fd0       data     extern E:\MPASM_MPLINK_PIC18_LT_Branch_3_42\pic18-lt\cxx-framework\src\extended\proc\p18f2680.asm
                   WDTCON   0x000fd1       data     extern E:\MPASM_MPLINK_PIC18_LT_Branch_3_42\pic18-lt\cxx-framework\src\extended\proc\p18f2680.asm
               WDTCONbits   0x000fd1       data     extern E:\MPASM_MPLINK_PIC18_LT_Branch_3_42\pic18-lt\cxx-framework\src\extended\proc\p18f2680.asm
               LVDCONbits   0x000fd2       data     extern E:\MPASM_MPLINK_PIC18_LT_Branch_3_42\pic18-lt\cxx-framework\src\extended\proc\p18f2680.asm
                   LVDCON   0x000fd2       data     extern E:\MPASM_MPLINK_PIC18_LT_Branch_3_42\pic18-lt\cxx-framework\src\extended\proc\p18f2680.asm
              HLVDCONbits   0x000fd2       data     extern E:\MPASM_MPLINK_PIC18_LT_Branch_3_42\pic18-lt\cxx-framework\src\extended\proc\p18f2680.asm
                  HLVDCON   0x000fd2       data     extern E:\MPASM_MPLINK_PIC18_LT_Branch_3_42\pic18-lt\cxx-framework\src\extended\proc\p18f2680.asm
                   OSCCON   0x000fd3       data     extern E:\MPASM_MPLINK_PIC18_LT_Branch_3_42\pic18-lt\cxx-framework\src\extended\proc\p18f2680.asm
               OSCCONbits   0x000fd3       data     extern E:\MPASM_MPLINK_PIC18_LT_Branch_3_42\pic18-lt\cxx-framework\src\extended\proc\p18f2680.asm
                T0CONbits   0x000fd5       data     extern E:\MPASM_MPLINK_PIC18_LT_Branch_3_42\pic18-lt\cxx-framework\src\extended\proc\p18f2680.asm
                    T0CON   0x000fd5       data     extern E:\MPASM_MPLINK_PIC18_LT_Branch_3_42\pic18-lt\cxx-framework\src\extended\proc\p18f2680.asm
                    TMR0L   0x000fd6       data     extern E:\MPASM_MPLINK_PIC18_LT_Branch_3_42\pic18-lt\cxx-framework\src\extended\proc\p18f2680.asm
                    TMR0H   0x000fd7       data     extern E:\MPASM_MPLINK_PIC18_LT_Branch_3_42\pic18-lt\cxx-framework\src\extended\proc\p18f2680.asm
               STATUSbits   0x000fd8       data     extern E:\MPASM_MPLINK_PIC18_LT_Branch_3_42\pic18-lt\cxx-framework\src\extended\proc\p18f2680.asm
                   STATUS   0x000fd8       data     extern E:\MPASM_MPLINK_PIC18_LT_Branch_3_42\pic18-lt\cxx-framework\src\extended\proc\p18f2680.asm
                    FSR2L   0x000fd9       data     extern E:\MPASM_MPLINK_PIC18_LT_Branch_3_42\pic18-lt\cxx-framework\src\extended\proc\p18f2680.asm
                     FSR2   0x000fd9       data     extern E:\MPASM_MPLINK_PIC18_LT_Branch_3_42\pic18-lt\cxx-framework\src\extended\proc\p18f2680.asm
                    FSR2H   0x000fda       data     extern E:\MPASM_MPLINK_PIC18_LT_Branch_3_42\pic18-lt\cxx-framework\src\extended\proc\p18f2680.asm
                   PLUSW2   0x000fdb       data     extern E:\MPASM_MPLINK_PIC18_LT_Branch_3_42\pic18-lt\cxx-framework\src\extended\proc\p18f2680.asm
                  PREINC2   0x000fdc       data     extern E:\MPASM_MPLINK_PIC18_LT_Branch_3_42\pic18-lt\cxx-framework\src\extended\proc\p18f2680.asm
                 POSTDEC2   0x000fdd       data     extern E:\MPASM_MPLINK_PIC18_LT_Branch_3_42\pic18-lt\cxx-framework\src\extended\proc\p18f2680.asm
                 POSTINC2   0x000fde       data     extern E:\MPASM_MPLINK_PIC18_LT_Branch_3_42\pic18-lt\cxx-framework\src\extended\proc\p18f2680.asm
                    INDF2   0x000fdf       data     extern E:\MPASM_MPLINK_PIC18_LT_Branch_3_42\pic18-lt\cxx-framework\src\extended\proc\p18f2680.asm
                      BSR   0x000fe0       data     extern E:\MPASM_MPLINK_PIC18_LT_Branch_3_42\pic18-lt\cxx-framework\src\extended\proc\p18f2680.asm
                    FSR1L   0x000fe1       data     extern E:\MPASM_MPLINK_PIC18_LT_Branch_3_42\pic18-lt\cxx-framework\src\extended\proc\p18f2680.asm
                     FSR1   0x000fe1       data     extern E:\MPASM_MPLINK_PIC18_LT_Branch_3_42\pic18-lt\cxx-framework\src\extended\proc\p18f2680.asm
                    FSR1H   0x000fe2       data     extern E:\MPASM_MPLINK_PIC18_LT_Branch_3_42\pic18-lt\cxx-framework\src\extended\proc\p18f2680.asm
                   PLUSW1   0x000fe3       data     extern E:\MPASM_MPLINK_PIC18_LT_Branch_3_42\pic18-lt\cxx-framework\src\extended\proc\p18f2680.asm
                  PREINC1   0x000fe4       data     extern E:\MPASM_MPLINK_PIC18_LT_Branch_3_42\pic18-lt\cxx-framework\src\extended\proc\p18f2680.asm
                 POSTDEC1   0x000fe5       data     extern E:\MPASM_MPLINK_PIC18_LT_Branch_3_42\pic18-lt\cxx-framework\src\extended\proc\p18f2680.asm
                 POSTINC1   0x000fe6       data     extern E:\MPASM_MPLINK_PIC18_LT_Branch_3_42\pic18-lt\cxx-framework\src\extended\proc\p18f2680.asm
                    INDF1   0x000fe7       data     extern E:\MPASM_MPLINK_PIC18_LT_Branch_3_42\pic18-lt\cxx-framework\src\extended\proc\p18f2680.asm
                     WREG   0x000fe8       data     extern E:\MPASM_MPLINK_PIC18_LT_Branch_3_42\pic18-lt\cxx-framework\src\extended\proc\p18f2680.asm
                    FSR0L   0x000fe9       data     extern E:\MPASM_MPLINK_PIC18_LT_Branch_3_42\pic18-lt\cxx-framework\src\extended\proc\p18f2680.asm
                     FSR0   0x000fe9       data     extern E:\MPASM_MPLINK_PIC18_LT_Branch_3_42\pic18-lt\cxx-framework\src\extended\proc\p18f2680.asm
                    FSR0H   0x000fea       data     extern E:\MPASM_MPLINK_PIC18_LT_Branch_3_42\pic18-lt\cxx-framework\src\extended\proc\p18f2680.asm
                   PLUSW0   0x000feb       data     extern E:\MPASM_MPLINK_PIC18_LT_Branch_3_42\pic18-lt\cxx-framework\src\extended\proc\p18f2680.asm
                  PREINC0   0x000fec       data     extern E:\MPASM_MPLINK_PIC18_LT_Branch_3_42\pic18-lt\cxx-framework\src\extended\proc\p18f2680.asm
                 POSTDEC0   0x000fed       data     extern E:\MPASM_MPLINK_PIC18_LT_Branch_3_42\pic18-lt\cxx-framework\src\extended\proc\p18f2680.asm
                 POSTINC0   0x000fee       data     extern E:\MPASM_MPLINK_PIC18_LT_Branch_3_42\pic18-lt\cxx-framework\src\extended\proc\p18f2680.asm
                    INDF0   0x000fef       data     extern E:\MPASM_MPLINK_PIC18_LT_Branch_3_42\pic18-lt\cxx-framework\src\extended\proc\p18f2680.asm
              INTCON3bits   0x000ff0       data     extern E:\MPASM_MPLINK_PIC18_LT_Branch_3_42\pic18-lt\cxx-framework\src\extended\proc\p18f2680.asm
                  INTCON3   0x000ff0       data     extern E:\MPASM_MPLINK_PIC18_LT_Branch_3_42\pic18-lt\cxx-framework\src\extended\proc\p18f2680.asm
              INTCON2bits   0x000ff1       data     extern E:\MPASM_MPLINK_PIC18_LT_Branch_3_42\pic18-lt\cxx-framework\src\extended\proc\p18f2680.asm
                  INTCON2   0x000ff1       data     extern E:\MPASM_MPLINK_PIC18_LT_Branch_3_42\pic18-lt\cxx-framework\src\extended\proc\p18f2680.asm
               INTCONbits   0x000ff2       data     extern E:\MPASM_MPLINK_PIC18_LT_Branch_3_42\pic18-lt\cxx-framework\src\extended\proc\p18f2680.asm
                   INTCON   0x000ff2       data     extern E:\MPASM_MPLINK_PIC18_LT_Branch_3_42\pic18-lt\cxx-framework\src\extended\proc\p18f2680.asm
                    PRODL   0x000ff3       data     extern E:\MPASM_MPLINK_PIC18_LT_Branch_3_42\pic18-lt\cxx-framework\src\extended\proc\p18f2680.asm
                     PROD   0x000ff3       data     extern E:\MPASM_MPLINK_PIC18_LT_Branch_3_42\pic18-lt\cxx-framework\src\extended\proc\p18f2680.asm
                    PRODH   0x000ff4       data     extern E:\MPASM_MPLINK_PIC18_LT_Branch_3_42\pic18-lt\cxx-framework\src\extended\proc\p18f2680.asm
                   TABLAT   0x000ff5       data     extern E:\MPASM_MPLINK_PIC18_LT_Branch_3_42\pic18-lt\cxx-framework\src\extended\proc\p18f2680.asm
                   TBLPTR   0x000ff6       data     extern E:\MPASM_MPLINK_PIC18_LT_Branch_3_42\pic18-lt\cxx-framework\src\extended\proc\p18f2680.asm
                  TBLPTRL   0x000ff6       data     extern E:\MPASM_MPLINK_PIC18_LT_Branch_3_42\pic18-lt\cxx-framework\src\extended\proc\p18f2680.asm
                  TBLPTRH   0x000ff7       data     extern E:\MPASM_MPLINK_PIC18_LT_Branch_3_42\pic18-lt\cxx-framework\src\extended\proc\p18f2680.asm
                  TBLPTRU   0x000ff8       data     extern E:\MPASM_MPLINK_PIC18_LT_Branch_3_42\pic18-lt\cxx-framework\src\extended\proc\p18f2680.asm
                      PCL   0x000ff9       data     extern E:\MPASM_MPLINK_PIC18_LT_Branch_3_42\pic18-lt\cxx-framework\src\extended\proc\p18f2680.asm
                       PC   0x000ff9       data     extern E:\MPASM_MPLINK_PIC18_LT_Branch_3_42\pic18-lt\cxx-framework\src\extended\proc\p18f2680.asm
                   PCLATH   0x000ffa       data     extern E:\MPASM_MPLINK_PIC18_LT_Branch_3_42\pic18-lt\cxx-framework\src\extended\proc\p18f2680.asm
                   PCLATU   0x000ffb       data     extern E:\MPASM_MPLINK_PIC18_LT_Branch_3_42\pic18-lt\cxx-framework\src\extended\proc\p18f2680.asm
                   STKPTR   0x000ffc       data     extern E:\MPASM_MPLINK_PIC18_LT_Branch_3_42\pic18-lt\cxx-framework\src\extended\proc\p18f2680.asm
               STKPTRbits   0x000ffc       data     extern E:\MPASM_MPLINK_PIC18_LT_Branch_3_42\pic18-lt\cxx-framework\src\extended\proc\p18f2680.asm
                     TOSL   0x000ffd       data     extern E:\MPASM_MPLINK_PIC18_LT_Branch_3_42\pic18-lt\cxx-framework\src\extended\proc\p18f2680.asm
                      TOS   0x000ffd       data     extern E:\MPASM_MPLINK_PIC18_LT_Branch_3_42\pic18-lt\cxx-framework\src\extended\proc\p18f2680.asm
                     TOSH   0x000ffe       data     extern E:\MPASM_MPLINK_PIC18_LT_Branch_3_42\pic18-lt\cxx-framework\src\extended\proc\p18f2680.asm
                     TOSU   0x000fff       data     extern E:\MPASM_MPLINK_PIC18_LT_Branch_3_42\pic18-lt\cxx-framework\src\extended\proc\p18f2680.asm


